<html>
<body>
<pre>
<h1>µVision Build Log</h1>
<h2>Tool Versions:</h2>
IDE-Version: µVision V5.43.1.0
Copyright (C) 2025 ARM Ltd and ARM Germany GmbH. All rights reserved.
License Information: Jacky Chen
Nuvoton
User-based license: Keil MDK Community (non-commercial free of charge)
Valid until: Jun 1 2033. Cached until: Jun 16 2026
 
Tool Versions:
Toolchain:       Keil MDK Community (non-commercial free of charge  Version: 5.43.0.0
Toolchain Path:  C:\Users\ckchen1\AppData\Local\Keil_v5\ARM\ARMCLANG\Bin
C Compiler:      ArmClang.exe V6.24
Assembler:       Armasm.exe V6.24
Linker/Locator:  ArmLink.exe V6.24
Library Manager: ArmAr.exe V6.24
Hex Converter:   FromElf.exe V6.24
CPU DLL:         
Dialog DLL:      
Target DLL:      Nu_Link.dll V3.23
Dialog DLL:      TCM.DLL V1.56.6.0
 
<h2>Project:</h2>
C:\All_Nuvoton_Projects\NK-NADC24B_Example\SampleCode\ExampleCode\KEIL\NK-NADC24B_Example.uvprojx
Project File Date:  06/09/2026

<h2>Output:</h2>
*** Using Compiler 'V6.24', folder: 'C:\Users\ckchen1\AppData\Local\Keil_v5\ARM\ARMCLANG\Bin'
Rebuild target 'NK-NADC24B_Example'
assembling startup_M251.s...
creating preprocessor file for system_M251.c...
creating preprocessor file for NADC_Driver.c...
creating preprocessor file for main.c...
compiling system_M251.c...
compiling main.c...
creating preprocessor file for timer.c...
creating preprocessor file for fmc.c...
compiling NADC_Driver.c...
creating preprocessor file for gpio.c...
compiling timer.c...
compiling gpio.c...
creating preprocessor file for spi.c...
compiling fmc.c...
creating preprocessor file for sys.c...
creating preprocessor file for uart.c...
compiling sys.c...
creating preprocessor file for clk.c...
compiling uart.c...
compiling spi.c...
creating preprocessor file for retarget.c...
creating preprocessor file for i2c.c...
compiling clk.c...
compiling retarget.c...
compiling i2c.c...
linking...
Program Size: Code=9344 RO-data=440 RW-data=16 ZI-data=2144  
FromELF: creating hex file...
After Build - User command #1: fromelf --bin ".\obj\NK-NADC24B_Example.axf" --output ".\obj\NK-NADC24B_Example.bin"
After Build - User command #2: fromelf --text -c ".\obj\NK-NADC24B_Example.axf" --output ".\obj\NK-NADC24B_Example.txt"
".\obj\NK-NADC24B_Example.axf" - 0 Error(s), 0 Warning(s).

<h2>Software Packages used:</h2>

Package Vendor: Nuvoton
                https://github.com/OpenNuvoton/cmsis-packs/raw/master/Nuvoton_DFP/Nuvoton.NuMicroM23_DFP.1.0.6.pack
                Nuvoton::NuMicroM23_DFP@1.0.6
                Nuvoton ARM Cortex-M23 NuMicro Family Device Support

<h2>Collection of Component include folders:</h2>
  C:/Users/ckchen1/AppData/Local/Arm/Packs/Nuvoton/NuMicroM23_DFP/1.0.6/Device/M251/Include

<h2>Collection of Component Files used:</h2>
Build Time Elapsed:  00:00:03
</pre>
</body>
</html>
