<!doctype html public "-//w3c//dtd html 4.0 transitional//en">
<html><head>
<title>Static Call Graph - [.\obj\NK-NADC24B_Example.axf]</title></head>
<body><HR>
<H1>Static Call Graph for image .\obj\NK-NADC24B_Example.axf</H1><HR>
<BR><P>#&#060CALLGRAPH&#062# ARM Linker, 6240002: Last Updated: Tue Jun  9 15:58:12 2026
<BR><P>
<H3>Maximum Stack Usage =        144 bytes + Unknown(Cycles, Untraceable Function Pointers)</H3><H3>
Call chain for Maximum Stack Depth:</H3>
GPA_IRQHandler &rArr; __aeabi_dmul &rArr; _double_epilogue &rArr; __aeabi_llsr
<P>
<H3>
Mutually Recursive functions
</H3> <LI><a href="#[1]">NMI_Handler</a>&nbsp;&nbsp;&nbsp;&rArr;&nbsp;&nbsp;&nbsp;<a href="#[1]">NMI_Handler</a><BR>
 <LI><a href="#[5]">SVC_Handler</a>&nbsp;&nbsp;&nbsp;&rArr;&nbsp;&nbsp;&nbsp;<a href="#[5]">SVC_Handler</a><BR>
 <LI><a href="#[6]">PendSV_Handler</a>&nbsp;&nbsp;&nbsp;&rArr;&nbsp;&nbsp;&nbsp;<a href="#[6]">PendSV_Handler</a><BR>
 <LI><a href="#[7]">SysTick_Handler</a>&nbsp;&nbsp;&nbsp;&rArr;&nbsp;&nbsp;&nbsp;<a href="#[7]">SysTick_Handler</a><BR>
 <LI><a href="#[33]">ACMP01_IRQHandler</a>&nbsp;&nbsp;&nbsp;&rArr;&nbsp;&nbsp;&nbsp;<a href="#[33]">ACMP01_IRQHandler</a><BR>
</UL>
<P>
<H3>
Function Pointers
</H3><UL>
 <LI><a href="#[33]">ACMP01_IRQHandler</a> from startup_m251.o(.text) referenced from startup_m251.o(RESET)
 <LI><a href="#[8]">BOD_IRQHandler</a> from startup_m251.o(.text) referenced from startup_m251.o(RESET)
 <LI><a href="#[34]">BPWM0_IRQHandler</a> from startup_m251.o(.text) referenced from startup_m251.o(RESET)
 <LI><a href="#[3d]">BPWM1_IRQHandler</a> from startup_m251.o(.text) referenced from startup_m251.o(RESET)
 <LI><a href="#[1f]">BRAKE0_IRQHandler</a> from startup_m251.o(.text) referenced from startup_m251.o(RESET)
 <LI><a href="#[23]">BRAKE1_IRQHandler</a> from startup_m251.o(.text) referenced from startup_m251.o(RESET)
 <LI><a href="#[c]">CLKFAIL_IRQHandler</a> from startup_m251.o(.text) referenced from startup_m251.o(RESET)
 <LI><a href="#[3f]">CRPT_IRQHandler</a> from startup_m251.o(.text) referenced from startup_m251.o(RESET)
 <LI><a href="#[30]">DAC_IRQHandler</a> from startup_m251.o(.text) referenced from startup_m251.o(RESET)
 <LI><a href="#[b]">DEFAULT_IRQHandler</a> from startup_m251.o(.text) referenced 4 times from startup_m251.o(RESET)
 <LI><a href="#[31]">EADC_INT0_IRQHandler</a> from startup_m251.o(.text) referenced from startup_m251.o(RESET)
 <LI><a href="#[32]">EADC_INT1_IRQHandler</a> from startup_m251.o(.text) referenced from startup_m251.o(RESET)
 <LI><a href="#[35]">EADC_INT2_IRQHandler</a> from startup_m251.o(.text) referenced from startup_m251.o(RESET)
 <LI><a href="#[36]">EADC_INT3_IRQHandler</a> from startup_m251.o(.text) referenced from startup_m251.o(RESET)
 <LI><a href="#[11]">EINT0_IRQHandler</a> from startup_m251.o(.text) referenced from startup_m251.o(RESET)
 <LI><a href="#[12]">EINT1_IRQHandler</a> from startup_m251.o(.text) referenced from startup_m251.o(RESET)
 <LI><a href="#[13]">EINT2_IRQHandler</a> from startup_m251.o(.text) referenced from startup_m251.o(RESET)
 <LI><a href="#[14]">EINT3_IRQHandler</a> from startup_m251.o(.text) referenced from startup_m251.o(RESET)
 <LI><a href="#[15]">EINT4_IRQHandler</a> from startup_m251.o(.text) referenced from startup_m251.o(RESET)
 <LI><a href="#[16]">EINT5_IRQHandler</a> from startup_m251.o(.text) referenced from startup_m251.o(RESET)
 <LI><a href="#[17]">GPA_IRQHandler</a> from main.o(.text.GPA_IRQHandler) referenced from startup_m251.o(RESET)
 <LI><a href="#[18]">GPB_IRQHandler</a> from startup_m251.o(.text) referenced from startup_m251.o(RESET)
 <LI><a href="#[19]">GPC_IRQHandler</a> from startup_m251.o(.text) referenced from startup_m251.o(RESET)
 <LI><a href="#[1a]">GPD_IRQHandler</a> from startup_m251.o(.text) referenced from startup_m251.o(RESET)
 <LI><a href="#[1b]">GPE_IRQHandler</a> from startup_m251.o(.text) referenced from startup_m251.o(RESET)
 <LI><a href="#[1c]">GPF_IRQHandler</a> from startup_m251.o(.text) referenced from startup_m251.o(RESET)
 <LI><a href="#[4]">GetChar</a> from retarget.o(.text.GetChar) referenced from startup_m251.o(RESET)
 <LI><a href="#[2]">HardFault_Handler</a> from startup_m251.o(.text) referenced from startup_m251.o(RESET)
 <LI><a href="#[2d]">I2C0_IRQHandler</a> from startup_m251.o(.text) referenced from startup_m251.o(RESET)
 <LI><a href="#[2e]">I2C1_IRQHandler</a> from startup_m251.o(.text) referenced from startup_m251.o(RESET)
 <LI><a href="#[9]">IRCTRIM_IRQHandler</a> from startup_m251.o(.text) referenced from startup_m251.o(RESET)
 <LI><a href="#[42]">LCD_IRQHandler</a> from startup_m251.o(.text) referenced from startup_m251.o(RESET)
 <LI><a href="#[1]">NMI_Handler</a> from startup_m251.o(.text) referenced from startup_m251.o(RESET)
 <LI><a href="#[43]">OPA_IRQHandler</a> from startup_m251.o(.text) referenced from startup_m251.o(RESET)
 <LI><a href="#[2f]">PDMA_IRQHandler</a> from startup_m251.o(.text) referenced from startup_m251.o(RESET)
 <LI><a href="#[3e]">PSIO_IRQHandler</a> from startup_m251.o(.text) referenced from startup_m251.o(RESET)
 <LI><a href="#[20]">PWM0_P0_IRQHandler</a> from startup_m251.o(.text) referenced from startup_m251.o(RESET)
 <LI><a href="#[21]">PWM0_P1_IRQHandler</a> from startup_m251.o(.text) referenced from startup_m251.o(RESET)
 <LI><a href="#[22]">PWM0_P2_IRQHandler</a> from startup_m251.o(.text) referenced from startup_m251.o(RESET)
 <LI><a href="#[24]">PWM1_P0_IRQHandler</a> from startup_m251.o(.text) referenced from startup_m251.o(RESET)
 <LI><a href="#[25]">PWM1_P1_IRQHandler</a> from startup_m251.o(.text) referenced from startup_m251.o(RESET)
 <LI><a href="#[26]">PWM1_P2_IRQHandler</a> from startup_m251.o(.text) referenced from startup_m251.o(RESET)
 <LI><a href="#[a]">PWRWU_IRQHandler</a> from startup_m251.o(.text) referenced from startup_m251.o(RESET)
 <LI><a href="#[6]">PendSV_Handler</a> from startup_m251.o(.text) referenced from startup_m251.o(RESET)
 <LI><a href="#[48]">ProcessHardFault</a> from retarget.o(.text.ProcessHardFault) referenced from startup_m251.o(.text)
 <LI><a href="#[1d]">QSPI0_IRQHandler</a> from startup_m251.o(.text) referenced from startup_m251.o(RESET)
 <LI><a href="#[d]">RTC_IRQHandler</a> from startup_m251.o(.text) referenced from startup_m251.o(RESET)
 <LI><a href="#[0]">Reset_Handler</a> from startup_m251.o(.text) referenced from startup_m251.o(RESET)
 <LI><a href="#[40]">SC0_IRQHandler</a> from startup_m251.o(.text) referenced from startup_m251.o(RESET)
 <LI><a href="#[49]">SH_Return</a> from retarget.o(.text.SH_Return) referenced from startup_m251.o(.text)
 <LI><a href="#[1e]">SPI0_IRQHandler</a> from startup_m251.o(.text) referenced from startup_m251.o(RESET)
 <LI><a href="#[3a]">SPI1_IRQHandler</a> from startup_m251.o(.text) referenced from startup_m251.o(RESET)
 <LI><a href="#[5]">SVC_Handler</a> from startup_m251.o(.text) referenced from startup_m251.o(RESET)
 <LI><a href="#[3]">SendChar_ToUART</a> from retarget.o(.text.SendChar_ToUART) referenced from startup_m251.o(RESET)
 <LI><a href="#[7]">SysTick_Handler</a> from startup_m251.o(.text) referenced from startup_m251.o(RESET)
 <LI><a href="#[46]">SystemInit</a> from system_m251.o(.text.SystemInit) referenced from startup_m251.o(.text)
 <LI><a href="#[e]">TAMPER_IRQHandler</a> from startup_m251.o(.text) referenced from startup_m251.o(RESET)
 <LI><a href="#[44]">TK_IRQHandler</a> from startup_m251.o(.text) referenced from startup_m251.o(RESET)
 <LI><a href="#[27]">TMR0_IRQHandler</a> from startup_m251.o(.text) referenced from startup_m251.o(RESET)
 <LI><a href="#[28]">TMR1_IRQHandler</a> from startup_m251.o(.text) referenced from startup_m251.o(RESET)
 <LI><a href="#[29]">TMR2_IRQHandler</a> from startup_m251.o(.text) referenced from startup_m251.o(RESET)
 <LI><a href="#[2a]">TMR3_IRQHandler</a> from startup_m251.o(.text) referenced from startup_m251.o(RESET)
 <LI><a href="#[2b]">UART0_IRQHandler</a> from startup_m251.o(.text) referenced from startup_m251.o(RESET)
 <LI><a href="#[2c]">UART1_IRQHandler</a> from startup_m251.o(.text) referenced from startup_m251.o(RESET)
 <LI><a href="#[37]">UART2_IRQHandler</a> from startup_m251.o(.text) referenced from startup_m251.o(RESET)
 <LI><a href="#[38]">UART3_IRQHandler</a> from startup_m251.o(.text) referenced from startup_m251.o(RESET)
 <LI><a href="#[3c]">USBD_IRQHandler</a> from startup_m251.o(.text) referenced from startup_m251.o(RESET)
 <LI><a href="#[39]">USCI0_IRQHandler</a> from startup_m251.o(.text) referenced from startup_m251.o(RESET)
 <LI><a href="#[3b]">USCI1_IRQHandler</a> from startup_m251.o(.text) referenced from startup_m251.o(RESET)
 <LI><a href="#[41]">USCI2_IRQHandler</a> from startup_m251.o(.text) referenced from startup_m251.o(RESET)
 <LI><a href="#[f]">WDT_IRQHandler</a> from startup_m251.o(.text) referenced from startup_m251.o(RESET)
 <LI><a href="#[10]">WWDT_IRQHandler</a> from startup_m251.o(.text) referenced from startup_m251.o(RESET)
 <LI><a href="#[47]">__main</a> from entry.o(.ARM.Collect$$$$00000000) referenced from startup_m251.o(.text)
 <LI><a href="#[4a]">fputc</a> from retarget.o(.text.fputc) referenced from printfa.o(i.__0printf)
 <LI><a href="#[45]">main</a> from main.o(.text.main) referenced from entry9a.o(.ARM.Collect$$$$0000000B)
</UL>
<P>
<H3>
Global Symbols
</H3>
<P><STRONG><a name="[47]"></a>__main</STRONG> (Thumb, 0 bytes, Stack size unknown bytes, entry.o(.ARM.Collect$$$$00000000))
<BR>[Address Reference Count : 1]<UL><LI> startup_m251.o(.text)
</UL>
<P><STRONG><a name="[7f]"></a>_main_stk</STRONG> (Thumb, 0 bytes, Stack size unknown bytes, entry2.o(.ARM.Collect$$$$00000001))

<P><STRONG><a name="[4d]"></a>_main_scatterload</STRONG> (Thumb, 0 bytes, Stack size unknown bytes, entry5.o(.ARM.Collect$$$$00000004))
<BR><BR>[Calls]<UL><LI><a href="#[4e]">&gt;&gt;</a>&nbsp;&nbsp;&nbsp;__scatterload
</UL>

<P><STRONG><a name="[60]"></a>__main_after_scatterload</STRONG> (Thumb, 0 bytes, Stack size unknown bytes, entry5.o(.ARM.Collect$$$$00000004))
<BR><BR>[Called By]<UL><LI><a href="#[4e]">&gt;&gt;</a>&nbsp;&nbsp;&nbsp;__scatterload
</UL>

<P><STRONG><a name="[80]"></a>_main_clock</STRONG> (Thumb, 0 bytes, Stack size unknown bytes, entry7b.o(.ARM.Collect$$$$00000008))

<P><STRONG><a name="[81]"></a>_main_cpp_init</STRONG> (Thumb, 0 bytes, Stack size unknown bytes, entry8b.o(.ARM.Collect$$$$0000000A))

<P><STRONG><a name="[82]"></a>_main_init</STRONG> (Thumb, 0 bytes, Stack size unknown bytes, entry9a.o(.ARM.Collect$$$$0000000B))

<P><STRONG><a name="[83]"></a>__rt_final_cpp</STRONG> (Thumb, 0 bytes, Stack size unknown bytes, entry10a.o(.ARM.Collect$$$$0000000D))

<P><STRONG><a name="[84]"></a>__rt_final_exit</STRONG> (Thumb, 0 bytes, Stack size unknown bytes, entry11a.o(.ARM.Collect$$$$0000000F))

<P><STRONG><a name="[0]"></a>Reset_Handler</STRONG> (Thumb, 56 bytes, Stack size 0 bytes, startup_m251.o(.text))
<BR>[Address Reference Count : 1]<UL><LI> startup_m251.o(RESET)
</UL>
<P><STRONG><a name="[1]"></a>NMI_Handler</STRONG> (Thumb, 2 bytes, Stack size 0 bytes, startup_m251.o(.text))
<BR><BR>[Calls]<UL><LI><a href="#[1]">&gt;&gt;</a>&nbsp;&nbsp;&nbsp;NMI_Handler
</UL>
<BR>[Called By]<UL><LI><a href="#[1]">&gt;&gt;</a>&nbsp;&nbsp;&nbsp;NMI_Handler
</UL>
<BR>[Address Reference Count : 1]<UL><LI> startup_m251.o(RESET)
</UL>
<P><STRONG><a name="[2]"></a>HardFault_Handler</STRONG> (Thumb, 16 bytes, Stack size 0 bytes, startup_m251.o(.text))
<BR>[Address Reference Count : 1]<UL><LI> startup_m251.o(RESET)
</UL>
<P><STRONG><a name="[5]"></a>SVC_Handler</STRONG> (Thumb, 2 bytes, Stack size 0 bytes, startup_m251.o(.text))
<BR><BR>[Calls]<UL><LI><a href="#[5]">&gt;&gt;</a>&nbsp;&nbsp;&nbsp;SVC_Handler
</UL>
<BR>[Called By]<UL><LI><a href="#[5]">&gt;&gt;</a>&nbsp;&nbsp;&nbsp;SVC_Handler
</UL>
<BR>[Address Reference Count : 1]<UL><LI> startup_m251.o(RESET)
</UL>
<P><STRONG><a name="[6]"></a>PendSV_Handler</STRONG> (Thumb, 2 bytes, Stack size 0 bytes, startup_m251.o(.text))
<BR><BR>[Calls]<UL><LI><a href="#[6]">&gt;&gt;</a>&nbsp;&nbsp;&nbsp;PendSV_Handler
</UL>
<BR>[Called By]<UL><LI><a href="#[6]">&gt;&gt;</a>&nbsp;&nbsp;&nbsp;PendSV_Handler
</UL>
<BR>[Address Reference Count : 1]<UL><LI> startup_m251.o(RESET)
</UL>
<P><STRONG><a name="[7]"></a>SysTick_Handler</STRONG> (Thumb, 2 bytes, Stack size 0 bytes, startup_m251.o(.text))
<BR><BR>[Calls]<UL><LI><a href="#[7]">&gt;&gt;</a>&nbsp;&nbsp;&nbsp;SysTick_Handler
</UL>
<BR>[Called By]<UL><LI><a href="#[7]">&gt;&gt;</a>&nbsp;&nbsp;&nbsp;SysTick_Handler
</UL>
<BR>[Address Reference Count : 1]<UL><LI> startup_m251.o(RESET)
</UL>
<P><STRONG><a name="[33]"></a>ACMP01_IRQHandler</STRONG> (Thumb, 0 bytes, Stack size 0 bytes, startup_m251.o(.text))
<BR><BR>[Calls]<UL><LI><a href="#[33]">&gt;&gt;</a>&nbsp;&nbsp;&nbsp;ACMP01_IRQHandler
</UL>
<BR>[Called By]<UL><LI><a href="#[33]">&gt;&gt;</a>&nbsp;&nbsp;&nbsp;ACMP01_IRQHandler
</UL>
<BR>[Address Reference Count : 1]<UL><LI> startup_m251.o(RESET)
</UL>
<P><STRONG><a name="[8]"></a>BOD_IRQHandler</STRONG> (Thumb, 0 bytes, Stack size 0 bytes, startup_m251.o(.text))
<BR>[Address Reference Count : 1]<UL><LI> startup_m251.o(RESET)
</UL>
<P><STRONG><a name="[34]"></a>BPWM0_IRQHandler</STRONG> (Thumb, 0 bytes, Stack size 0 bytes, startup_m251.o(.text))
<BR>[Address Reference Count : 1]<UL><LI> startup_m251.o(RESET)
</UL>
<P><STRONG><a name="[3d]"></a>BPWM1_IRQHandler</STRONG> (Thumb, 0 bytes, Stack size 0 bytes, startup_m251.o(.text))
<BR>[Address Reference Count : 1]<UL><LI> startup_m251.o(RESET)
</UL>
<P><STRONG><a name="[1f]"></a>BRAKE0_IRQHandler</STRONG> (Thumb, 0 bytes, Stack size 0 bytes, startup_m251.o(.text))
<BR>[Address Reference Count : 1]<UL><LI> startup_m251.o(RESET)
</UL>
<P><STRONG><a name="[23]"></a>BRAKE1_IRQHandler</STRONG> (Thumb, 0 bytes, Stack size 0 bytes, startup_m251.o(.text))
<BR>[Address Reference Count : 1]<UL><LI> startup_m251.o(RESET)
</UL>
<P><STRONG><a name="[c]"></a>CLKFAIL_IRQHandler</STRONG> (Thumb, 0 bytes, Stack size 0 bytes, startup_m251.o(.text))
<BR>[Address Reference Count : 1]<UL><LI> startup_m251.o(RESET)
</UL>
<P><STRONG><a name="[3f]"></a>CRPT_IRQHandler</STRONG> (Thumb, 0 bytes, Stack size 0 bytes, startup_m251.o(.text))
<BR>[Address Reference Count : 1]<UL><LI> startup_m251.o(RESET)
</UL>
<P><STRONG><a name="[30]"></a>DAC_IRQHandler</STRONG> (Thumb, 0 bytes, Stack size 0 bytes, startup_m251.o(.text))
<BR>[Address Reference Count : 1]<UL><LI> startup_m251.o(RESET)
</UL>
<P><STRONG><a name="[b]"></a>DEFAULT_IRQHandler</STRONG> (Thumb, 0 bytes, Stack size 0 bytes, startup_m251.o(.text))
<BR>[Address Reference Count : 1]<UL><LI> startup_m251.o(RESET)
</UL>
<P><STRONG><a name="[31]"></a>EADC_INT0_IRQHandler</STRONG> (Thumb, 0 bytes, Stack size 0 bytes, startup_m251.o(.text))
<BR>[Address Reference Count : 1]<UL><LI> startup_m251.o(RESET)
</UL>
<P><STRONG><a name="[32]"></a>EADC_INT1_IRQHandler</STRONG> (Thumb, 0 bytes, Stack size 0 bytes, startup_m251.o(.text))
<BR>[Address Reference Count : 1]<UL><LI> startup_m251.o(RESET)
</UL>
<P><STRONG><a name="[35]"></a>EADC_INT2_IRQHandler</STRONG> (Thumb, 0 bytes, Stack size 0 bytes, startup_m251.o(.text))
<BR>[Address Reference Count : 1]<UL><LI> startup_m251.o(RESET)
</UL>
<P><STRONG><a name="[36]"></a>EADC_INT3_IRQHandler</STRONG> (Thumb, 0 bytes, Stack size 0 bytes, startup_m251.o(.text))
<BR>[Address Reference Count : 1]<UL><LI> startup_m251.o(RESET)
</UL>
<P><STRONG><a name="[11]"></a>EINT0_IRQHandler</STRONG> (Thumb, 0 bytes, Stack size 0 bytes, startup_m251.o(.text))
<BR>[Address Reference Count : 1]<UL><LI> startup_m251.o(RESET)
</UL>
<P><STRONG><a name="[12]"></a>EINT1_IRQHandler</STRONG> (Thumb, 0 bytes, Stack size 0 bytes, startup_m251.o(.text))
<BR>[Address Reference Count : 1]<UL><LI> startup_m251.o(RESET)
</UL>
<P><STRONG><a name="[13]"></a>EINT2_IRQHandler</STRONG> (Thumb, 0 bytes, Stack size 0 bytes, startup_m251.o(.text))
<BR>[Address Reference Count : 1]<UL><LI> startup_m251.o(RESET)
</UL>
<P><STRONG><a name="[14]"></a>EINT3_IRQHandler</STRONG> (Thumb, 0 bytes, Stack size 0 bytes, startup_m251.o(.text))
<BR>[Address Reference Count : 1]<UL><LI> startup_m251.o(RESET)
</UL>
<P><STRONG><a name="[15]"></a>EINT4_IRQHandler</STRONG> (Thumb, 0 bytes, Stack size 0 bytes, startup_m251.o(.text))
<BR>[Address Reference Count : 1]<UL><LI> startup_m251.o(RESET)
</UL>
<P><STRONG><a name="[16]"></a>EINT5_IRQHandler</STRONG> (Thumb, 0 bytes, Stack size 0 bytes, startup_m251.o(.text))
<BR>[Address Reference Count : 1]<UL><LI> startup_m251.o(RESET)
</UL>
<P><STRONG><a name="[18]"></a>GPB_IRQHandler</STRONG> (Thumb, 0 bytes, Stack size 0 bytes, startup_m251.o(.text))
<BR>[Address Reference Count : 1]<UL><LI> startup_m251.o(RESET)
</UL>
<P><STRONG><a name="[19]"></a>GPC_IRQHandler</STRONG> (Thumb, 0 bytes, Stack size 0 bytes, startup_m251.o(.text))
<BR>[Address Reference Count : 1]<UL><LI> startup_m251.o(RESET)
</UL>
<P><STRONG><a name="[1a]"></a>GPD_IRQHandler</STRONG> (Thumb, 0 bytes, Stack size 0 bytes, startup_m251.o(.text))
<BR>[Address Reference Count : 1]<UL><LI> startup_m251.o(RESET)
</UL>
<P><STRONG><a name="[1b]"></a>GPE_IRQHandler</STRONG> (Thumb, 0 bytes, Stack size 0 bytes, startup_m251.o(.text))
<BR>[Address Reference Count : 1]<UL><LI> startup_m251.o(RESET)
</UL>
<P><STRONG><a name="[1c]"></a>GPF_IRQHandler</STRONG> (Thumb, 0 bytes, Stack size 0 bytes, startup_m251.o(.text))
<BR>[Address Reference Count : 1]<UL><LI> startup_m251.o(RESET)
</UL>
<P><STRONG><a name="[2d]"></a>I2C0_IRQHandler</STRONG> (Thumb, 0 bytes, Stack size 0 bytes, startup_m251.o(.text))
<BR>[Address Reference Count : 1]<UL><LI> startup_m251.o(RESET)
</UL>
<P><STRONG><a name="[2e]"></a>I2C1_IRQHandler</STRONG> (Thumb, 0 bytes, Stack size 0 bytes, startup_m251.o(.text))
<BR>[Address Reference Count : 1]<UL><LI> startup_m251.o(RESET)
</UL>
<P><STRONG><a name="[9]"></a>IRCTRIM_IRQHandler</STRONG> (Thumb, 0 bytes, Stack size 0 bytes, startup_m251.o(.text))
<BR>[Address Reference Count : 1]<UL><LI> startup_m251.o(RESET)
</UL>
<P><STRONG><a name="[42]"></a>LCD_IRQHandler</STRONG> (Thumb, 0 bytes, Stack size 0 bytes, startup_m251.o(.text))
<BR>[Address Reference Count : 1]<UL><LI> startup_m251.o(RESET)
</UL>
<P><STRONG><a name="[43]"></a>OPA_IRQHandler</STRONG> (Thumb, 0 bytes, Stack size 0 bytes, startup_m251.o(.text))
<BR>[Address Reference Count : 1]<UL><LI> startup_m251.o(RESET)
</UL>
<P><STRONG><a name="[2f]"></a>PDMA_IRQHandler</STRONG> (Thumb, 0 bytes, Stack size 0 bytes, startup_m251.o(.text))
<BR>[Address Reference Count : 1]<UL><LI> startup_m251.o(RESET)
</UL>
<P><STRONG><a name="[3e]"></a>PSIO_IRQHandler</STRONG> (Thumb, 0 bytes, Stack size 0 bytes, startup_m251.o(.text))
<BR>[Address Reference Count : 1]<UL><LI> startup_m251.o(RESET)
</UL>
<P><STRONG><a name="[20]"></a>PWM0_P0_IRQHandler</STRONG> (Thumb, 0 bytes, Stack size 0 bytes, startup_m251.o(.text))
<BR>[Address Reference Count : 1]<UL><LI> startup_m251.o(RESET)
</UL>
<P><STRONG><a name="[21]"></a>PWM0_P1_IRQHandler</STRONG> (Thumb, 0 bytes, Stack size 0 bytes, startup_m251.o(.text))
<BR>[Address Reference Count : 1]<UL><LI> startup_m251.o(RESET)
</UL>
<P><STRONG><a name="[22]"></a>PWM0_P2_IRQHandler</STRONG> (Thumb, 0 bytes, Stack size 0 bytes, startup_m251.o(.text))
<BR>[Address Reference Count : 1]<UL><LI> startup_m251.o(RESET)
</UL>
<P><STRONG><a name="[24]"></a>PWM1_P0_IRQHandler</STRONG> (Thumb, 0 bytes, Stack size 0 bytes, startup_m251.o(.text))
<BR>[Address Reference Count : 1]<UL><LI> startup_m251.o(RESET)
</UL>
<P><STRONG><a name="[25]"></a>PWM1_P1_IRQHandler</STRONG> (Thumb, 0 bytes, Stack size 0 bytes, startup_m251.o(.text))
<BR>[Address Reference Count : 1]<UL><LI> startup_m251.o(RESET)
</UL>
<P><STRONG><a name="[26]"></a>PWM1_P2_IRQHandler</STRONG> (Thumb, 0 bytes, Stack size 0 bytes, startup_m251.o(.text))
<BR>[Address Reference Count : 1]<UL><LI> startup_m251.o(RESET)
</UL>
<P><STRONG><a name="[a]"></a>PWRWU_IRQHandler</STRONG> (Thumb, 0 bytes, Stack size 0 bytes, startup_m251.o(.text))
<BR>[Address Reference Count : 1]<UL><LI> startup_m251.o(RESET)
</UL>
<P><STRONG><a name="[1d]"></a>QSPI0_IRQHandler</STRONG> (Thumb, 0 bytes, Stack size 0 bytes, startup_m251.o(.text))
<BR>[Address Reference Count : 1]<UL><LI> startup_m251.o(RESET)
</UL>
<P><STRONG><a name="[d]"></a>RTC_IRQHandler</STRONG> (Thumb, 0 bytes, Stack size 0 bytes, startup_m251.o(.text))
<BR>[Address Reference Count : 1]<UL><LI> startup_m251.o(RESET)
</UL>
<P><STRONG><a name="[40]"></a>SC0_IRQHandler</STRONG> (Thumb, 0 bytes, Stack size 0 bytes, startup_m251.o(.text))
<BR>[Address Reference Count : 1]<UL><LI> startup_m251.o(RESET)
</UL>
<P><STRONG><a name="[1e]"></a>SPI0_IRQHandler</STRONG> (Thumb, 0 bytes, Stack size 0 bytes, startup_m251.o(.text))
<BR>[Address Reference Count : 1]<UL><LI> startup_m251.o(RESET)
</UL>
<P><STRONG><a name="[3a]"></a>SPI1_IRQHandler</STRONG> (Thumb, 0 bytes, Stack size 0 bytes, startup_m251.o(.text))
<BR>[Address Reference Count : 1]<UL><LI> startup_m251.o(RESET)
</UL>
<P><STRONG><a name="[e]"></a>TAMPER_IRQHandler</STRONG> (Thumb, 0 bytes, Stack size 0 bytes, startup_m251.o(.text))
<BR>[Address Reference Count : 1]<UL><LI> startup_m251.o(RESET)
</UL>
<P><STRONG><a name="[44]"></a>TK_IRQHandler</STRONG> (Thumb, 0 bytes, Stack size 0 bytes, startup_m251.o(.text))
<BR>[Address Reference Count : 1]<UL><LI> startup_m251.o(RESET)
</UL>
<P><STRONG><a name="[27]"></a>TMR0_IRQHandler</STRONG> (Thumb, 0 bytes, Stack size 0 bytes, startup_m251.o(.text))
<BR>[Address Reference Count : 1]<UL><LI> startup_m251.o(RESET)
</UL>
<P><STRONG><a name="[28]"></a>TMR1_IRQHandler</STRONG> (Thumb, 0 bytes, Stack size 0 bytes, startup_m251.o(.text))
<BR>[Address Reference Count : 1]<UL><LI> startup_m251.o(RESET)
</UL>
<P><STRONG><a name="[29]"></a>TMR2_IRQHandler</STRONG> (Thumb, 0 bytes, Stack size 0 bytes, startup_m251.o(.text))
<BR>[Address Reference Count : 1]<UL><LI> startup_m251.o(RESET)
</UL>
<P><STRONG><a name="[2a]"></a>TMR3_IRQHandler</STRONG> (Thumb, 0 bytes, Stack size 0 bytes, startup_m251.o(.text))
<BR>[Address Reference Count : 1]<UL><LI> startup_m251.o(RESET)
</UL>
<P><STRONG><a name="[2b]"></a>UART0_IRQHandler</STRONG> (Thumb, 0 bytes, Stack size 0 bytes, startup_m251.o(.text))
<BR>[Address Reference Count : 1]<UL><LI> startup_m251.o(RESET)
</UL>
<P><STRONG><a name="[2c]"></a>UART1_IRQHandler</STRONG> (Thumb, 0 bytes, Stack size 0 bytes, startup_m251.o(.text))
<BR>[Address Reference Count : 1]<UL><LI> startup_m251.o(RESET)
</UL>
<P><STRONG><a name="[37]"></a>UART2_IRQHandler</STRONG> (Thumb, 0 bytes, Stack size 0 bytes, startup_m251.o(.text))
<BR>[Address Reference Count : 1]<UL><LI> startup_m251.o(RESET)
</UL>
<P><STRONG><a name="[38]"></a>UART3_IRQHandler</STRONG> (Thumb, 0 bytes, Stack size 0 bytes, startup_m251.o(.text))
<BR>[Address Reference Count : 1]<UL><LI> startup_m251.o(RESET)
</UL>
<P><STRONG><a name="[3c]"></a>USBD_IRQHandler</STRONG> (Thumb, 0 bytes, Stack size 0 bytes, startup_m251.o(.text))
<BR>[Address Reference Count : 1]<UL><LI> startup_m251.o(RESET)
</UL>
<P><STRONG><a name="[39]"></a>USCI0_IRQHandler</STRONG> (Thumb, 0 bytes, Stack size 0 bytes, startup_m251.o(.text))
<BR>[Address Reference Count : 1]<UL><LI> startup_m251.o(RESET)
</UL>
<P><STRONG><a name="[3b]"></a>USCI1_IRQHandler</STRONG> (Thumb, 0 bytes, Stack size 0 bytes, startup_m251.o(.text))
<BR>[Address Reference Count : 1]<UL><LI> startup_m251.o(RESET)
</UL>
<P><STRONG><a name="[41]"></a>USCI2_IRQHandler</STRONG> (Thumb, 0 bytes, Stack size 0 bytes, startup_m251.o(.text))
<BR>[Address Reference Count : 1]<UL><LI> startup_m251.o(RESET)
</UL>
<P><STRONG><a name="[f]"></a>WDT_IRQHandler</STRONG> (Thumb, 0 bytes, Stack size 0 bytes, startup_m251.o(.text))
<BR>[Address Reference Count : 1]<UL><LI> startup_m251.o(RESET)
</UL>
<P><STRONG><a name="[10]"></a>WWDT_IRQHandler</STRONG> (Thumb, 0 bytes, Stack size 0 bytes, startup_m251.o(.text))
<BR>[Address Reference Count : 1]<UL><LI> startup_m251.o(RESET)
</UL>
<P><STRONG><a name="[4b]"></a>SH_DoCommand</STRONG> (Thumb, 10 bytes, Stack size 0 bytes, startup_m251.o(.text), UNUSED, KEPT)

<P><STRONG><a name="[4c]"></a>__PC</STRONG> (Thumb, 6 bytes, Stack size 0 bytes, startup_m251.o(.text), UNUSED, KEPT)

<P><STRONG><a name="[4f]"></a>__aeabi_dmul</STRONG> (Thumb, 202 bytes, Stack size 72 bytes, dmul.o(.text))
<BR><BR>[Stack]<UL><LI>Max Depth = 128<LI>Call Chain = __aeabi_dmul &rArr; _double_epilogue &rArr; __aeabi_llsr
</UL>
<BR>[Calls]<UL><LI><a href="#[50]">&gt;&gt;</a>&nbsp;&nbsp;&nbsp;_double_epilogue
</UL>
<BR>[Called By]<UL><LI><a href="#[17]">&gt;&gt;</a>&nbsp;&nbsp;&nbsp;GPA_IRQHandler
<LI><a href="#[7a]">&gt;&gt;</a>&nbsp;&nbsp;&nbsp;_fp_digits
</UL>

<P><STRONG><a name="[51]"></a>__aeabi_i2f</STRONG> (Thumb, 22 bytes, Stack size 8 bytes, fflti.o(.text))
<BR><BR>[Stack]<UL><LI>Max Depth = 20<LI>Call Chain = __aeabi_i2f &rArr; _float_epilogue
</UL>
<BR>[Calls]<UL><LI><a href="#[52]">&gt;&gt;</a>&nbsp;&nbsp;&nbsp;_float_epilogue
</UL>
<BR>[Called By]<UL><LI><a href="#[17]">&gt;&gt;</a>&nbsp;&nbsp;&nbsp;GPA_IRQHandler
</UL>

<P><STRONG><a name="[68]"></a>__aeabi_f2d</STRONG> (Thumb, 40 bytes, Stack size 0 bytes, f2d.o(.text))
<BR><BR>[Called By]<UL><LI><a href="#[17]">&gt;&gt;</a>&nbsp;&nbsp;&nbsp;GPA_IRQHandler
</UL>

<P><STRONG><a name="[53]"></a>__aeabi_d2f</STRONG> (Thumb, 56 bytes, Stack size 8 bytes, d2f.o(.text))
<BR><BR>[Stack]<UL><LI>Max Depth = 8<LI>Call Chain = __aeabi_d2f
</UL>
<BR>[Calls]<UL><LI><a href="#[54]">&gt;&gt;</a>&nbsp;&nbsp;&nbsp;_float_round
</UL>
<BR>[Called By]<UL><LI><a href="#[17]">&gt;&gt;</a>&nbsp;&nbsp;&nbsp;GPA_IRQHandler
</UL>

<P><STRONG><a name="[55]"></a>__aeabi_uldivmod</STRONG> (Thumb, 96 bytes, Stack size 48 bytes, uldiv.o(.text), UNUSED)
<BR><BR>[Calls]<UL><LI><a href="#[56]">&gt;&gt;</a>&nbsp;&nbsp;&nbsp;__aeabi_llsr
<LI><a href="#[57]">&gt;&gt;</a>&nbsp;&nbsp;&nbsp;__aeabi_llsl
</UL>
<BR>[Called By]<UL><LI><a href="#[79]">&gt;&gt;</a>&nbsp;&nbsp;&nbsp;_printf_core
<LI><a href="#[7a]">&gt;&gt;</a>&nbsp;&nbsp;&nbsp;_fp_digits
</UL>

<P><STRONG><a name="[85]"></a>__I$use$fp</STRONG> (Thumb, 0 bytes, Stack size 0 bytes, iusefp.o(.text), UNUSED)

<P><STRONG><a name="[54]"></a>_float_round</STRONG> (Thumb, 16 bytes, Stack size 0 bytes, fepilogue.o(.text))
<BR><BR>[Called By]<UL><LI><a href="#[53]">&gt;&gt;</a>&nbsp;&nbsp;&nbsp;__aeabi_d2f
</UL>

<P><STRONG><a name="[52]"></a>_float_epilogue</STRONG> (Thumb, 114 bytes, Stack size 12 bytes, fepilogue.o(.text))
<BR><BR>[Stack]<UL><LI>Max Depth = 12<LI>Call Chain = _float_epilogue
</UL>
<BR>[Called By]<UL><LI><a href="#[51]">&gt;&gt;</a>&nbsp;&nbsp;&nbsp;__aeabi_i2f
</UL>

<P><STRONG><a name="[59]"></a>_double_round</STRONG> (Thumb, 26 bytes, Stack size 8 bytes, depilogue.o(.text))
<BR><BR>[Stack]<UL><LI>Max Depth = 8<LI>Call Chain = _double_round
</UL>
<BR>[Called By]<UL><LI><a href="#[50]">&gt;&gt;</a>&nbsp;&nbsp;&nbsp;_double_epilogue
<LI><a href="#[5e]">&gt;&gt;</a>&nbsp;&nbsp;&nbsp;__aeabi_ddiv
<LI><a href="#[5a]">&gt;&gt;</a>&nbsp;&nbsp;&nbsp;__aeabi_dadd
</UL>

<P><STRONG><a name="[50]"></a>_double_epilogue</STRONG> (Thumb, 164 bytes, Stack size 48 bytes, depilogue.o(.text))
<BR><BR>[Stack]<UL><LI>Max Depth = 56<LI>Call Chain = _double_epilogue &rArr; __aeabi_llsr
</UL>
<BR>[Calls]<UL><LI><a href="#[56]">&gt;&gt;</a>&nbsp;&nbsp;&nbsp;__aeabi_llsr
<LI><a href="#[57]">&gt;&gt;</a>&nbsp;&nbsp;&nbsp;__aeabi_llsl
<LI><a href="#[58]">&gt;&gt;</a>&nbsp;&nbsp;&nbsp;__ARM_clz
<LI><a href="#[59]">&gt;&gt;</a>&nbsp;&nbsp;&nbsp;_double_round
</UL>
<BR>[Called By]<UL><LI><a href="#[4f]">&gt;&gt;</a>&nbsp;&nbsp;&nbsp;__aeabi_dmul
<LI><a href="#[5a]">&gt;&gt;</a>&nbsp;&nbsp;&nbsp;__aeabi_dadd
</UL>

<P><STRONG><a name="[5a]"></a>__aeabi_dadd</STRONG> (Thumb, 328 bytes, Stack size 48 bytes, dadd.o(.text), UNUSED)
<BR><BR>[Calls]<UL><LI><a href="#[5b]">&gt;&gt;</a>&nbsp;&nbsp;&nbsp;__aeabi_lasr
<LI><a href="#[57]">&gt;&gt;</a>&nbsp;&nbsp;&nbsp;__aeabi_llsl
<LI><a href="#[59]">&gt;&gt;</a>&nbsp;&nbsp;&nbsp;_double_round
<LI><a href="#[50]">&gt;&gt;</a>&nbsp;&nbsp;&nbsp;_double_epilogue
</UL>
<BR>[Called By]<UL><LI><a href="#[5d]">&gt;&gt;</a>&nbsp;&nbsp;&nbsp;__aeabi_drsub
<LI><a href="#[5c]">&gt;&gt;</a>&nbsp;&nbsp;&nbsp;__aeabi_dsub
<LI><a href="#[7a]">&gt;&gt;</a>&nbsp;&nbsp;&nbsp;_fp_digits
</UL>

<P><STRONG><a name="[5c]"></a>__aeabi_dsub</STRONG> (Thumb, 12 bytes, Stack size 8 bytes, dadd.o(.text), UNUSED)
<BR><BR>[Calls]<UL><LI><a href="#[5a]">&gt;&gt;</a>&nbsp;&nbsp;&nbsp;__aeabi_dadd
</UL>

<P><STRONG><a name="[5d]"></a>__aeabi_drsub</STRONG> (Thumb, 12 bytes, Stack size 8 bytes, dadd.o(.text), UNUSED)
<BR><BR>[Calls]<UL><LI><a href="#[5a]">&gt;&gt;</a>&nbsp;&nbsp;&nbsp;__aeabi_dadd
</UL>

<P><STRONG><a name="[5e]"></a>__aeabi_ddiv</STRONG> (Thumb, 234 bytes, Stack size 40 bytes, ddiv.o(.text), UNUSED)
<BR><BR>[Calls]<UL><LI><a href="#[59]">&gt;&gt;</a>&nbsp;&nbsp;&nbsp;_double_round
</UL>
<BR>[Called By]<UL><LI><a href="#[7a]">&gt;&gt;</a>&nbsp;&nbsp;&nbsp;_fp_digits
</UL>

<P><STRONG><a name="[5f]"></a>__aeabi_d2ulz</STRONG> (Thumb, 54 bytes, Stack size 8 bytes, dfixul.o(.text), UNUSED)
<BR><BR>[Calls]<UL><LI><a href="#[56]">&gt;&gt;</a>&nbsp;&nbsp;&nbsp;__aeabi_llsr
<LI><a href="#[57]">&gt;&gt;</a>&nbsp;&nbsp;&nbsp;__aeabi_llsl
</UL>
<BR>[Called By]<UL><LI><a href="#[7a]">&gt;&gt;</a>&nbsp;&nbsp;&nbsp;_fp_digits
</UL>

<P><STRONG><a name="[7b]"></a>__aeabi_cdrcmple</STRONG> (Thumb, 38 bytes, Stack size 0 bytes, cdrcmple.o(.text), UNUSED)
<BR><BR>[Called By]<UL><LI><a href="#[7a]">&gt;&gt;</a>&nbsp;&nbsp;&nbsp;_fp_digits
</UL>

<P><STRONG><a name="[4e]"></a>__scatterload</STRONG> (Thumb, 38 bytes, Stack size 0 bytes, init.o(.text))
<BR><BR>[Calls]<UL><LI><a href="#[60]">&gt;&gt;</a>&nbsp;&nbsp;&nbsp;__main_after_scatterload
</UL>
<BR>[Called By]<UL><LI><a href="#[4d]">&gt;&gt;</a>&nbsp;&nbsp;&nbsp;_main_scatterload
</UL>

<P><STRONG><a name="[86]"></a>__scatterload_rt2</STRONG> (Thumb, 0 bytes, Stack size 0 bytes, init.o(.text), UNUSED)

<P><STRONG><a name="[87]"></a>__aeabi_uidiv$div0</STRONG> (Thumb, 0 bytes, Stack size 16 bytes, uidiv_div0.o(.text), UNUSED)

<P><STRONG><a name="[7e]"></a>__aeabi_uidivmod</STRONG> (Thumb, 62 bytes, Stack size 16 bytes, uidiv_div0.o(.text), UNUSED)
<BR><BR>[Called By]<UL><LI><a href="#[79]">&gt;&gt;</a>&nbsp;&nbsp;&nbsp;_printf_core
</UL>

<P><STRONG><a name="[57]"></a>__aeabi_llsl</STRONG> (Thumb, 32 bytes, Stack size 8 bytes, llshl.o(.text))
<BR><BR>[Stack]<UL><LI>Max Depth = 8<LI>Call Chain = __aeabi_llsl
</UL>
<BR>[Called By]<UL><LI><a href="#[55]">&gt;&gt;</a>&nbsp;&nbsp;&nbsp;__aeabi_uldivmod
<LI><a href="#[50]">&gt;&gt;</a>&nbsp;&nbsp;&nbsp;_double_epilogue
<LI><a href="#[5a]">&gt;&gt;</a>&nbsp;&nbsp;&nbsp;__aeabi_dadd
<LI><a href="#[5f]">&gt;&gt;</a>&nbsp;&nbsp;&nbsp;__aeabi_d2ulz
</UL>

<P><STRONG><a name="[88]"></a>_ll_shift_l</STRONG> (Thumb, 0 bytes, Stack size 8 bytes, llshl.o(.text), UNUSED)

<P><STRONG><a name="[56]"></a>__aeabi_llsr</STRONG> (Thumb, 34 bytes, Stack size 8 bytes, llushr.o(.text))
<BR><BR>[Stack]<UL><LI>Max Depth = 8<LI>Call Chain = __aeabi_llsr
</UL>
<BR>[Called By]<UL><LI><a href="#[55]">&gt;&gt;</a>&nbsp;&nbsp;&nbsp;__aeabi_uldivmod
<LI><a href="#[50]">&gt;&gt;</a>&nbsp;&nbsp;&nbsp;_double_epilogue
<LI><a href="#[5f]">&gt;&gt;</a>&nbsp;&nbsp;&nbsp;__aeabi_d2ulz
</UL>

<P><STRONG><a name="[89]"></a>_ll_ushift_r</STRONG> (Thumb, 0 bytes, Stack size 8 bytes, llushr.o(.text), UNUSED)

<P><STRONG><a name="[5b]"></a>__aeabi_lasr</STRONG> (Thumb, 38 bytes, Stack size 8 bytes, llsshr.o(.text), UNUSED)
<BR><BR>[Called By]<UL><LI><a href="#[5a]">&gt;&gt;</a>&nbsp;&nbsp;&nbsp;__aeabi_dadd
</UL>

<P><STRONG><a name="[8a]"></a>_ll_sshift_r</STRONG> (Thumb, 0 bytes, Stack size 8 bytes, llsshr.o(.text), UNUSED)

<P><STRONG><a name="[73]"></a>CLK_EnableModuleClock</STRONG> (Thumb, 28 bytes, Stack size 0 bytes, clk.o(.text.CLK_EnableModuleClock))
<BR><BR>[Called By]<UL><LI><a href="#[6f]">&gt;&gt;</a>&nbsp;&nbsp;&nbsp;SYS_Init
</UL>

<P><STRONG><a name="[70]"></a>CLK_EnableXtalRC</STRONG> (Thumb, 12 bytes, Stack size 0 bytes, clk.o(.text.CLK_EnableXtalRC))
<BR><BR>[Called By]<UL><LI><a href="#[6f]">&gt;&gt;</a>&nbsp;&nbsp;&nbsp;SYS_Init
</UL>

<P><STRONG><a name="[61]"></a>CLK_GetHCLKFreq</STRONG> (Thumb, 12 bytes, Stack size 8 bytes, clk.o(.text.CLK_GetHCLKFreq))
<BR><BR>[Stack]<UL><LI>Max Depth = 24<LI>Call Chain = CLK_GetHCLKFreq &rArr; SystemCoreClockUpdate
</UL>
<BR>[Calls]<UL><LI><a href="#[62]">&gt;&gt;</a>&nbsp;&nbsp;&nbsp;SystemCoreClockUpdate
</UL>
<BR>[Called By]<UL><LI><a href="#[6d]">&gt;&gt;</a>&nbsp;&nbsp;&nbsp;SPI_Open
</UL>

<P><STRONG><a name="[63]"></a>CLK_GetPCLK0Freq</STRONG> (Thumb, 104 bytes, Stack size 8 bytes, clk.o(.text.CLK_GetPCLK0Freq))
<BR><BR>[Stack]<UL><LI>Max Depth = 24<LI>Call Chain = CLK_GetPCLK0Freq &rArr; SystemCoreClockUpdate
</UL>
<BR>[Calls]<UL><LI><a href="#[62]">&gt;&gt;</a>&nbsp;&nbsp;&nbsp;SystemCoreClockUpdate
</UL>
<BR>[Called By]<UL><LI><a href="#[75]">&gt;&gt;</a>&nbsp;&nbsp;&nbsp;UART_Open
</UL>

<P><STRONG><a name="[64]"></a>CLK_GetPCLK1Freq</STRONG> (Thumb, 104 bytes, Stack size 8 bytes, clk.o(.text.CLK_GetPCLK1Freq))
<BR><BR>[Stack]<UL><LI>Max Depth = 24<LI>Call Chain = CLK_GetPCLK1Freq &rArr; SystemCoreClockUpdate
</UL>
<BR>[Calls]<UL><LI><a href="#[62]">&gt;&gt;</a>&nbsp;&nbsp;&nbsp;SystemCoreClockUpdate
</UL>
<BR>[Called By]<UL><LI><a href="#[75]">&gt;&gt;</a>&nbsp;&nbsp;&nbsp;UART_Open
<LI><a href="#[6d]">&gt;&gt;</a>&nbsp;&nbsp;&nbsp;SPI_Open
</UL>

<P><STRONG><a name="[6e]"></a>CLK_GetPLLClockFreq</STRONG> (Thumb, 72 bytes, Stack size 0 bytes, clk.o(.text.CLK_GetPLLClockFreq))
<BR><BR>[Called By]<UL><LI><a href="#[75]">&gt;&gt;</a>&nbsp;&nbsp;&nbsp;UART_Open
<LI><a href="#[6d]">&gt;&gt;</a>&nbsp;&nbsp;&nbsp;SPI_Open
<LI><a href="#[62]">&gt;&gt;</a>&nbsp;&nbsp;&nbsp;SystemCoreClockUpdate
</UL>

<P><STRONG><a name="[65]"></a>CLK_SetHCLK</STRONG> (Thumb, 88 bytes, Stack size 24 bytes, clk.o(.text.CLK_SetHCLK))
<BR><BR>[Stack]<UL><LI>Max Depth = 40<LI>Call Chain = CLK_SetHCLK &rArr; SystemCoreClockUpdate
</UL>
<BR>[Calls]<UL><LI><a href="#[62]">&gt;&gt;</a>&nbsp;&nbsp;&nbsp;SystemCoreClockUpdate
</UL>
<BR>[Called By]<UL><LI><a href="#[6f]">&gt;&gt;</a>&nbsp;&nbsp;&nbsp;SYS_Init
</UL>

<P><STRONG><a name="[72]"></a>CLK_SetModuleClock</STRONG> (Thumb, 68 bytes, Stack size 16 bytes, clk.o(.text.CLK_SetModuleClock))
<BR><BR>[Stack]<UL><LI>Max Depth = 16<LI>Call Chain = CLK_SetModuleClock
</UL>
<BR>[Called By]<UL><LI><a href="#[6f]">&gt;&gt;</a>&nbsp;&nbsp;&nbsp;SYS_Init
</UL>

<P><STRONG><a name="[71]"></a>CLK_WaitClockReady</STRONG> (Thumb, 40 bytes, Stack size 16 bytes, clk.o(.text.CLK_WaitClockReady))
<BR><BR>[Stack]<UL><LI>Max Depth = 16<LI>Call Chain = CLK_WaitClockReady
</UL>
<BR>[Called By]<UL><LI><a href="#[6f]">&gt;&gt;</a>&nbsp;&nbsp;&nbsp;SYS_Init
</UL>

<P><STRONG><a name="[17]"></a>GPA_IRQHandler</STRONG> (Thumb, 100 bytes, Stack size 16 bytes, main.o(.text.GPA_IRQHandler))
<BR><BR>[Stack]<UL><LI>Max Depth = 144<LI>Call Chain = GPA_IRQHandler &rArr; __aeabi_dmul &rArr; _double_epilogue &rArr; __aeabi_llsr
</UL>
<BR>[Calls]<UL><LI><a href="#[53]">&gt;&gt;</a>&nbsp;&nbsp;&nbsp;__aeabi_d2f
<LI><a href="#[4f]">&gt;&gt;</a>&nbsp;&nbsp;&nbsp;__aeabi_dmul
<LI><a href="#[68]">&gt;&gt;</a>&nbsp;&nbsp;&nbsp;__aeabi_f2d
<LI><a href="#[51]">&gt;&gt;</a>&nbsp;&nbsp;&nbsp;__aeabi_i2f
<LI><a href="#[66]">&gt;&gt;</a>&nbsp;&nbsp;&nbsp;SPI_SetChannel_and_ReadADCData
<LI><a href="#[67]">&gt;&gt;</a>&nbsp;&nbsp;&nbsp;__2printf
</UL>
<BR>[Address Reference Count : 1]<UL><LI> startup_m251.o(RESET)
</UL>
<P><STRONG><a name="[77]"></a>GPIO_EnableInt</STRONG> (Thumb, 28 bytes, Stack size 8 bytes, gpio.o(.text.GPIO_EnableInt))
<BR><BR>[Stack]<UL><LI>Max Depth = 8<LI>Call Chain = GPIO_EnableInt
</UL>
<BR>[Called By]<UL><LI><a href="#[45]">&gt;&gt;</a>&nbsp;&nbsp;&nbsp;main
</UL>

<P><STRONG><a name="[74]"></a>GPIO_SetMode</STRONG> (Thumb, 52 bytes, Stack size 24 bytes, gpio.o(.text.GPIO_SetMode))
<BR><BR>[Stack]<UL><LI>Max Depth = 24<LI>Call Chain = GPIO_SetMode
</UL>
<BR>[Called By]<UL><LI><a href="#[6f]">&gt;&gt;</a>&nbsp;&nbsp;&nbsp;SYS_Init
</UL>

<P><STRONG><a name="[4]"></a>GetChar</STRONG> (Thumb, 16 bytes, Stack size 0 bytes, retarget.o(.text.GetChar))
<BR>[Address Reference Count : 1]<UL><LI> startup_m251.o(RESET)
</UL>
<P><STRONG><a name="[69]"></a>NADC24B_Cali_and_Initial</STRONG> (Thumb, 2116 bytes, Stack size 80 bytes, nadc_driver.o(.text.NADC24B_Cali_and_Initial))
<BR><BR>[Stack]<UL><LI>Max Depth = 120<LI>Call Chain = NADC24B_Cali_and_Initial &rArr; SPI_WriteReg_Bank1_Until_Success
</UL>
<BR>[Calls]<UL><LI><a href="#[6a]">&gt;&gt;</a>&nbsp;&nbsp;&nbsp;SPI_WriteReg_Bank1_Until_Success
</UL>
<BR>[Called By]<UL><LI><a href="#[45]">&gt;&gt;</a>&nbsp;&nbsp;&nbsp;main
</UL>

<P><STRONG><a name="[48]"></a>ProcessHardFault</STRONG> (Thumb, 40 bytes, Stack size 8 bytes, retarget.o(.text.ProcessHardFault))
<BR><BR>[Stack]<UL><LI>Max Depth = 24<LI>Call Chain = ProcessHardFault &rArr; puts &rArr; fputc
</UL>
<BR>[Calls]<UL><LI><a href="#[6b]">&gt;&gt;</a>&nbsp;&nbsp;&nbsp;puts
</UL>
<BR>[Address Reference Count : 1]<UL><LI> startup_m251.o(.text)
</UL>
<P><STRONG><a name="[6c]"></a>Reset_NADC24B</STRONG> (Thumb, 556 bytes, Stack size 48 bytes, nadc_driver.o(.text.Reset_NADC24B))
<BR><BR>[Stack]<UL><LI>Max Depth = 88<LI>Call Chain = Reset_NADC24B &rArr; SPI_WriteReg_Bank1_Until_Success
</UL>
<BR>[Calls]<UL><LI><a href="#[6a]">&gt;&gt;</a>&nbsp;&nbsp;&nbsp;SPI_WriteReg_Bank1_Until_Success
<LI><a href="#[67]">&gt;&gt;</a>&nbsp;&nbsp;&nbsp;__2printf
</UL>
<BR>[Called By]<UL><LI><a href="#[45]">&gt;&gt;</a>&nbsp;&nbsp;&nbsp;main
</UL>

<P><STRONG><a name="[49]"></a>SH_Return</STRONG> (Thumb, 4 bytes, Stack size 0 bytes, retarget.o(.text.SH_Return))
<BR>[Address Reference Count : 1]<UL><LI> startup_m251.o(.text)
</UL>
<P><STRONG><a name="[6d]"></a>SPI_Open</STRONG> (Thumb, 348 bytes, Stack size 24 bytes, spi.o(.text.SPI_Open))
<BR><BR>[Stack]<UL><LI>Max Depth = 48<LI>Call Chain = SPI_Open &rArr; CLK_GetHCLKFreq &rArr; SystemCoreClockUpdate
</UL>
<BR>[Calls]<UL><LI><a href="#[61]">&gt;&gt;</a>&nbsp;&nbsp;&nbsp;CLK_GetHCLKFreq
<LI><a href="#[64]">&gt;&gt;</a>&nbsp;&nbsp;&nbsp;CLK_GetPCLK1Freq
<LI><a href="#[6e]">&gt;&gt;</a>&nbsp;&nbsp;&nbsp;CLK_GetPLLClockFreq
</UL>
<BR>[Called By]<UL><LI><a href="#[45]">&gt;&gt;</a>&nbsp;&nbsp;&nbsp;main
</UL>

<P><STRONG><a name="[66]"></a>SPI_SetChannel_and_ReadADCData</STRONG> (Thumb, 152 bytes, Stack size 20 bytes, nadc_driver.o(.text.SPI_SetChannel_and_ReadADCData))
<BR><BR>[Stack]<UL><LI>Max Depth = 20<LI>Call Chain = SPI_SetChannel_and_ReadADCData
</UL>
<BR>[Called By]<UL><LI><a href="#[17]">&gt;&gt;</a>&nbsp;&nbsp;&nbsp;GPA_IRQHandler
</UL>

<P><STRONG><a name="[6a]"></a>SPI_WriteReg_Bank1_Until_Success</STRONG> (Thumb, 200 bytes, Stack size 40 bytes, nadc_driver.o(.text.SPI_WriteReg_Bank1_Until_Success))
<BR><BR>[Stack]<UL><LI>Max Depth = 40<LI>Call Chain = SPI_WriteReg_Bank1_Until_Success
</UL>
<BR>[Called By]<UL><LI><a href="#[69]">&gt;&gt;</a>&nbsp;&nbsp;&nbsp;NADC24B_Cali_and_Initial
<LI><a href="#[6c]">&gt;&gt;</a>&nbsp;&nbsp;&nbsp;Reset_NADC24B
</UL>

<P><STRONG><a name="[6f]"></a>SYS_Init</STRONG> (Thumb, 156 bytes, Stack size 32 bytes, main.o(.text.SYS_Init))
<BR><BR>[Stack]<UL><LI>Max Depth = 72<LI>Call Chain = SYS_Init &rArr; CLK_SetHCLK &rArr; SystemCoreClockUpdate
</UL>
<BR>[Calls]<UL><LI><a href="#[74]">&gt;&gt;</a>&nbsp;&nbsp;&nbsp;GPIO_SetMode
<LI><a href="#[73]">&gt;&gt;</a>&nbsp;&nbsp;&nbsp;CLK_EnableModuleClock
<LI><a href="#[72]">&gt;&gt;</a>&nbsp;&nbsp;&nbsp;CLK_SetModuleClock
<LI><a href="#[65]">&gt;&gt;</a>&nbsp;&nbsp;&nbsp;CLK_SetHCLK
<LI><a href="#[71]">&gt;&gt;</a>&nbsp;&nbsp;&nbsp;CLK_WaitClockReady
<LI><a href="#[70]">&gt;&gt;</a>&nbsp;&nbsp;&nbsp;CLK_EnableXtalRC
<LI><a href="#[62]">&gt;&gt;</a>&nbsp;&nbsp;&nbsp;SystemCoreClockUpdate
</UL>
<BR>[Called By]<UL><LI><a href="#[45]">&gt;&gt;</a>&nbsp;&nbsp;&nbsp;main
</UL>

<P><STRONG><a name="[76]"></a>SendChar</STRONG> (Thumb, 32 bytes, Stack size 0 bytes, retarget.o(.text.SendChar))
<BR><BR>[Called By]<UL><LI><a href="#[4a]">&gt;&gt;</a>&nbsp;&nbsp;&nbsp;fputc
</UL>

<P><STRONG><a name="[3]"></a>SendChar_ToUART</STRONG> (Thumb, 32 bytes, Stack size 0 bytes, retarget.o(.text.SendChar_ToUART))
<BR>[Address Reference Count : 1]<UL><LI> startup_m251.o(RESET)
</UL>
<P><STRONG><a name="[62]"></a>SystemCoreClockUpdate</STRONG> (Thumb, 60 bytes, Stack size 16 bytes, system_m251.o(.text.SystemCoreClockUpdate))
<BR><BR>[Stack]<UL><LI>Max Depth = 16<LI>Call Chain = SystemCoreClockUpdate
</UL>
<BR>[Calls]<UL><LI><a href="#[6e]">&gt;&gt;</a>&nbsp;&nbsp;&nbsp;CLK_GetPLLClockFreq
</UL>
<BR>[Called By]<UL><LI><a href="#[61]">&gt;&gt;</a>&nbsp;&nbsp;&nbsp;CLK_GetHCLKFreq
<LI><a href="#[64]">&gt;&gt;</a>&nbsp;&nbsp;&nbsp;CLK_GetPCLK1Freq
<LI><a href="#[63]">&gt;&gt;</a>&nbsp;&nbsp;&nbsp;CLK_GetPCLK0Freq
<LI><a href="#[65]">&gt;&gt;</a>&nbsp;&nbsp;&nbsp;CLK_SetHCLK
<LI><a href="#[6f]">&gt;&gt;</a>&nbsp;&nbsp;&nbsp;SYS_Init
</UL>

<P><STRONG><a name="[46]"></a>SystemInit</STRONG> (Thumb, 24 bytes, Stack size 0 bytes, system_m251.o(.text.SystemInit))
<BR>[Address Reference Count : 1]<UL><LI> startup_m251.o(.text)
</UL>
<P><STRONG><a name="[75]"></a>UART_Open</STRONG> (Thumb, 228 bytes, Stack size 56 bytes, uart.o(.text.UART_Open))
<BR><BR>[Stack]<UL><LI>Max Depth = 80<LI>Call Chain = UART_Open &rArr; CLK_GetPCLK1Freq &rArr; SystemCoreClockUpdate
</UL>
<BR>[Calls]<UL><LI><a href="#[64]">&gt;&gt;</a>&nbsp;&nbsp;&nbsp;CLK_GetPCLK1Freq
<LI><a href="#[63]">&gt;&gt;</a>&nbsp;&nbsp;&nbsp;CLK_GetPCLK0Freq
<LI><a href="#[6e]">&gt;&gt;</a>&nbsp;&nbsp;&nbsp;CLK_GetPLLClockFreq
</UL>
<BR>[Called By]<UL><LI><a href="#[45]">&gt;&gt;</a>&nbsp;&nbsp;&nbsp;main
</UL>

<P><STRONG><a name="[4a]"></a>fputc</STRONG> (Thumb, 12 bytes, Stack size 8 bytes, retarget.o(.text.fputc))
<BR><BR>[Stack]<UL><LI>Max Depth = 8<LI>Call Chain = fputc
</UL>
<BR>[Calls]<UL><LI><a href="#[76]">&gt;&gt;</a>&nbsp;&nbsp;&nbsp;SendChar
</UL>
<BR>[Called By]<UL><LI><a href="#[6b]">&gt;&gt;</a>&nbsp;&nbsp;&nbsp;puts
</UL>
<BR>[Address Reference Count : 1]<UL><LI> printfa.o(i.__0printf)
</UL>
<P><STRONG><a name="[45]"></a>main</STRONG> (Thumb, 100 bytes, Stack size 8 bytes, main.o(.text.main))
<BR><BR>[Stack]<UL><LI>Max Depth = 128<LI>Call Chain = main &rArr; NADC24B_Cali_and_Initial &rArr; SPI_WriteReg_Bank1_Until_Success
</UL>
<BR>[Calls]<UL><LI><a href="#[6b]">&gt;&gt;</a>&nbsp;&nbsp;&nbsp;puts
<LI><a href="#[77]">&gt;&gt;</a>&nbsp;&nbsp;&nbsp;GPIO_EnableInt
<LI><a href="#[69]">&gt;&gt;</a>&nbsp;&nbsp;&nbsp;NADC24B_Cali_and_Initial
<LI><a href="#[6c]">&gt;&gt;</a>&nbsp;&nbsp;&nbsp;Reset_NADC24B
<LI><a href="#[75]">&gt;&gt;</a>&nbsp;&nbsp;&nbsp;UART_Open
<LI><a href="#[6d]">&gt;&gt;</a>&nbsp;&nbsp;&nbsp;SPI_Open
<LI><a href="#[6f]">&gt;&gt;</a>&nbsp;&nbsp;&nbsp;SYS_Init
<LI><a href="#[67]">&gt;&gt;</a>&nbsp;&nbsp;&nbsp;__2printf
</UL>
<BR>[Address Reference Count : 1]<UL><LI> entry9a.o(.ARM.Collect$$$$0000000B)
</UL>
<P><STRONG><a name="[78]"></a>__0printf</STRONG> (Thumb, 24 bytes, Stack size 24 bytes, printfa.o(i.__0printf), UNUSED)
<BR><BR>[Calls]<UL><LI><a href="#[79]">&gt;&gt;</a>&nbsp;&nbsp;&nbsp;_printf_core
</UL>

<P><STRONG><a name="[8b]"></a>__1printf</STRONG> (Thumb, 0 bytes, Stack size 24 bytes, printfa.o(i.__0printf), UNUSED)

<P><STRONG><a name="[67]"></a>__2printf</STRONG> (Thumb, 0 bytes, Stack size 24 bytes, printfa.o(i.__0printf))
<BR><BR>[Stack]<UL><LI>Max Depth = 24<LI>Call Chain = __2printf
</UL>
<BR>[Called By]<UL><LI><a href="#[6c]">&gt;&gt;</a>&nbsp;&nbsp;&nbsp;Reset_NADC24B
<LI><a href="#[45]">&gt;&gt;</a>&nbsp;&nbsp;&nbsp;main
<LI><a href="#[17]">&gt;&gt;</a>&nbsp;&nbsp;&nbsp;GPA_IRQHandler
</UL>

<P><STRONG><a name="[8c]"></a>__c89printf</STRONG> (Thumb, 0 bytes, Stack size 24 bytes, printfa.o(i.__0printf), UNUSED)

<P><STRONG><a name="[8d]"></a>printf</STRONG> (Thumb, 0 bytes, Stack size 24 bytes, printfa.o(i.__0printf), UNUSED)

<P><STRONG><a name="[58]"></a>__ARM_clz</STRONG> (Thumb, 46 bytes, Stack size 0 bytes, depilogue.o(i.__ARM_clz))
<BR><BR>[Called By]<UL><LI><a href="#[50]">&gt;&gt;</a>&nbsp;&nbsp;&nbsp;_double_epilogue
</UL>

<P><STRONG><a name="[8e]"></a>__scatterload_copy</STRONG> (Thumb, 14 bytes, Stack size unknown bytes, handlers.o(i.__scatterload_copy), UNUSED)

<P><STRONG><a name="[8f]"></a>__scatterload_null</STRONG> (Thumb, 2 bytes, Stack size unknown bytes, handlers.o(i.__scatterload_null), UNUSED)

<P><STRONG><a name="[90]"></a>__scatterload_zeroinit</STRONG> (Thumb, 14 bytes, Stack size unknown bytes, handlers.o(i.__scatterload_zeroinit), UNUSED)

<P><STRONG><a name="[6b]"></a>puts</STRONG> (Thumb, 28 bytes, Stack size 8 bytes, puts.o(i.puts))
<BR><BR>[Stack]<UL><LI>Max Depth = 16<LI>Call Chain = puts &rArr; fputc
</UL>
<BR>[Calls]<UL><LI><a href="#[4a]">&gt;&gt;</a>&nbsp;&nbsp;&nbsp;fputc
</UL>
<BR>[Called By]<UL><LI><a href="#[45]">&gt;&gt;</a>&nbsp;&nbsp;&nbsp;main
<LI><a href="#[48]">&gt;&gt;</a>&nbsp;&nbsp;&nbsp;ProcessHardFault
</UL>
<P>
<H3>
Local Symbols
</H3>
<P><STRONG><a name="[7a]"></a>_fp_digits</STRONG> (Thumb, 344 bytes, Stack size 64 bytes, printfa.o(i._fp_digits), UNUSED)
<BR><BR>[Calls]<UL><LI><a href="#[4f]">&gt;&gt;</a>&nbsp;&nbsp;&nbsp;__aeabi_dmul
<LI><a href="#[55]">&gt;&gt;</a>&nbsp;&nbsp;&nbsp;__aeabi_uldivmod
<LI><a href="#[5e]">&gt;&gt;</a>&nbsp;&nbsp;&nbsp;__aeabi_ddiv
<LI><a href="#[5a]">&gt;&gt;</a>&nbsp;&nbsp;&nbsp;__aeabi_dadd
<LI><a href="#[5f]">&gt;&gt;</a>&nbsp;&nbsp;&nbsp;__aeabi_d2ulz
<LI><a href="#[7b]">&gt;&gt;</a>&nbsp;&nbsp;&nbsp;__aeabi_cdrcmple
</UL>
<BR>[Called By]<UL><LI><a href="#[79]">&gt;&gt;</a>&nbsp;&nbsp;&nbsp;_printf_core
</UL>

<P><STRONG><a name="[79]"></a>_printf_core</STRONG> (Thumb, 1754 bytes, Stack size 128 bytes, printfa.o(i._printf_core), UNUSED)
<BR><BR>[Calls]<UL><LI><a href="#[7e]">&gt;&gt;</a>&nbsp;&nbsp;&nbsp;__aeabi_uidivmod
<LI><a href="#[55]">&gt;&gt;</a>&nbsp;&nbsp;&nbsp;__aeabi_uldivmod
<LI><a href="#[7c]">&gt;&gt;</a>&nbsp;&nbsp;&nbsp;_printf_pre_padding
<LI><a href="#[7d]">&gt;&gt;</a>&nbsp;&nbsp;&nbsp;_printf_post_padding
<LI><a href="#[7a]">&gt;&gt;</a>&nbsp;&nbsp;&nbsp;_fp_digits
</UL>
<BR>[Called By]<UL><LI><a href="#[78]">&gt;&gt;</a>&nbsp;&nbsp;&nbsp;__0printf
</UL>

<P><STRONG><a name="[7d]"></a>_printf_post_padding</STRONG> (Thumb, 32 bytes, Stack size 24 bytes, printfa.o(i._printf_post_padding), UNUSED)
<BR><BR>[Called By]<UL><LI><a href="#[79]">&gt;&gt;</a>&nbsp;&nbsp;&nbsp;_printf_core
</UL>

<P><STRONG><a name="[7c]"></a>_printf_pre_padding</STRONG> (Thumb, 44 bytes, Stack size 40 bytes, printfa.o(i._printf_pre_padding), UNUSED)
<BR><BR>[Called By]<UL><LI><a href="#[79]">&gt;&gt;</a>&nbsp;&nbsp;&nbsp;_printf_core
</UL>
<P>
<H3>
Undefined Global Symbols
</H3><HR></body></html>
