Component: Arm Compiler for Embedded 6.24 Tool: armlink [5f371500]

==============================================================================

Small function inlining results

Inlined function __aeabi_idiv0 from idiv0.o at offset 0x1ee in aeabi_sdivfast.o(.text).
Inlined Instruction: BX       lr
Inlined function __aeabi_idiv0 from idiv0.o at offset 0x1f0 in aeabi_sdivfast.o(.text_divfast).
Inlined Instruction: BX       lr
Inlined function __aeabi_idiv0 from idiv0.o at offset 0xc in aeabi_sdivfast_div0.o(.text).
Inlined Instruction: BX       lr
Inlined function __aeabi_idiv0 from idiv0.o at offset 0x204 in aeabi_sdivfast_div0.o(.text).
Inlined Instruction: BX       lr
Inlined function __aeabi_idiv0 from idiv0.o at offset 0x1f0 in aeabi_sdivfast_div0.o(.text_divfast).
Inlined Instruction: BX       lr
Inlined function __aeabi_idiv0 from idiv0.o at offset 0x18 in uidiv_div0.o(.text).
Inlined Instruction: BX       lr
Inlined function __aeabi_idiv0 from idiv0.o at offset 0x42 in idiv_div0.o(.text).
Inlined Instruction: BX       lr
Inlined total of 7 calls.

==============================================================================

Section Cross References

    system_m251.o(.text.SystemCoreClockUpdate) refers to clk.o(.text.CLK_GetPLLClockFreq) for CLK_GetPLLClockFreq
    system_m251.o(.text.SystemCoreClockUpdate) refers to system_m251.o(.data.PllClock) for PllClock
    system_m251.o(.text.SystemCoreClockUpdate) refers to system_m251.o(.rodata.gau32ClkSrcTbl) for gau32ClkSrcTbl
    system_m251.o(.text.SystemCoreClockUpdate) refers to system_m251.o(.data.SystemCoreClock) for SystemCoreClock
    system_m251.o(.text.SystemCoreClockUpdate) refers to system_m251.o(.data.CyclesPerUs) for CyclesPerUs
    system_m251.o(.ARM.exidx.text.SystemCoreClockUpdate) refers to system_m251.o(.text.SystemCoreClockUpdate) for [Anonymous Symbol]
    system_m251.o(.text.SystemInit) refers to startup_m251.o(RESET) for __Vectors
    system_m251.o(.ARM.exidx.text.SystemInit) refers to system_m251.o(.text.SystemInit) for [Anonymous Symbol]
    system_m251.o(.ARM.exidx.text.Uart0DefaultMPF) refers to system_m251.o(.text.Uart0DefaultMPF) for [Anonymous Symbol]
    startup_m251.o(RESET) refers to startup_m251.o(STACK) for __initial_sp
    startup_m251.o(RESET) refers to startup_m251.o(.text) for Reset_Handler
    startup_m251.o(RESET) refers to retarget.o(.text.SendChar_ToUART) for SendChar_ToUART
    startup_m251.o(RESET) refers to retarget.o(.text.GetChar) for GetChar
    startup_m251.o(RESET) refers to main.o(.text.GPA_IRQHandler) for GPA_IRQHandler
    startup_m251.o(.text) refers to system_m251.o(.text.SystemInit) for SystemInit
    startup_m251.o(.text) refers to entry.o(.ARM.Collect$$$$00000000) for __main
    startup_m251.o(.text) refers to retarget.o(.text.ProcessHardFault) for ProcessHardFault
    startup_m251.o(.text) refers to retarget.o(.text.SH_Return) for SH_Return
    main.o(.text.SYS_Init) refers to clk.o(.text.CLK_EnableXtalRC) for CLK_EnableXtalRC
    main.o(.text.SYS_Init) refers to clk.o(.text.CLK_WaitClockReady) for CLK_WaitClockReady
    main.o(.text.SYS_Init) refers to clk.o(.text.CLK_SetHCLK) for CLK_SetHCLK
    main.o(.text.SYS_Init) refers to clk.o(.text.CLK_SetModuleClock) for CLK_SetModuleClock
    main.o(.text.SYS_Init) refers to clk.o(.text.CLK_EnableModuleClock) for CLK_EnableModuleClock
    main.o(.text.SYS_Init) refers to gpio.o(.text.GPIO_SetMode) for GPIO_SetMode
    main.o(.text.SYS_Init) refers to system_m251.o(.text.SystemCoreClockUpdate) for SystemCoreClockUpdate
    main.o(.ARM.exidx.text.SYS_Init) refers to main.o(.text.SYS_Init) for [Anonymous Symbol]
    main.o(.text.SPI_Init) refers to spi.o(.text.SPI_Open) for SPI_Open
    main.o(.ARM.exidx.text.SPI_Init) refers to main.o(.text.SPI_Init) for [Anonymous Symbol]
    main.o(.text.GPA_IRQHandler) refers to nadc_driver.o(.text.SPI_SetChannel_and_ReadADCData) for SPI_SetChannel_and_ReadADCData
    main.o(.text.GPA_IRQHandler) refers to printfa.o(i.__0printf) for __2printf
    main.o(.text.GPA_IRQHandler) refers to fflti.o(.text) for __aeabi_i2f
    main.o(.text.GPA_IRQHandler) refers to f2d.o(.text) for __aeabi_f2d
    main.o(.text.GPA_IRQHandler) refers to dmul.o(.text) for __aeabi_dmul
    main.o(.text.GPA_IRQHandler) refers to d2f.o(.text) for __aeabi_d2f
    main.o(.text.GPA_IRQHandler) refers to main.o(.bss.s32AdcData) for [Anonymous Symbol]
    main.o(.ARM.exidx.text.GPA_IRQHandler) refers to main.o(.text.GPA_IRQHandler) for [Anonymous Symbol]
    main.o(.text.main) refers to main.o(.text.SYS_Init) for SYS_Init
    main.o(.text.main) refers to uart.o(.text.UART_Open) for UART_Open
    main.o(.text.main) refers to spi.o(.text.SPI_Open) for SPI_Open
    main.o(.text.main) refers to nadc_driver.o(.text.Reset_NADC24B) for Reset_NADC24B
    main.o(.text.main) refers to nadc_driver.o(.text.NADC24B_Cali_and_Initial) for NADC24B_Cali_and_Initial
    main.o(.text.main) refers to gpio.o(.text.GPIO_EnableInt) for GPIO_EnableInt
[...]
    printf2.o(i.__0vfprintf$2) refers to printf2.o(i._printf_core) for _printf_core
    printf2.o(i.__0vfprintf$2) refers to retarget.o(.text.fputc) for fputc
    printf2.o(i.__0vprintf$2) refers to printf2.o(i._printf_core) for _printf_core
    printf2.o(i.__0vprintf$2) refers to retarget.o(.text.fputc) for fputc
    printf2.o(i.__0vprintf$2) refers to retarget.o(.bss.__stdout) for __stdout
    printf2.o(i.__0vsnprintf$2) refers to printf2.o(i._printf_core) for _printf_core
    printf2.o(i.__0vsnprintf$2) refers to printf2.o(i._snputc) for _snputc
    printf2.o(i.__0vsprintf$2) refers to printf2.o(i._printf_core) for _printf_core
    printf2.o(i.__0vsprintf$2) refers to printf2.o(i._sputc) for _sputc
    printf3.o(i.__0fprintf$3) refers to printf3.o(i._printf_core) for _printf_core
    printf3.o(i.__0fprintf$3) refers to retarget.o(.text.fputc) for fputc
    printf3.o(i.__0printf$3) refers to printf3.o(i._printf_core) for _printf_core
    printf3.o(i.__0printf$3) refers to retarget.o(.text.fputc) for fputc
    printf3.o(i.__0printf$3) refers to retarget.o(.bss.__stdout) for __stdout
    printf3.o(i.__0snprintf$3) refers to printf3.o(i._printf_core) for _printf_core
    printf3.o(i.__0snprintf$3) refers to printf3.o(i._snputc) for _snputc
    printf3.o(i.__0sprintf$3) refers to printf3.o(i._printf_core) for _printf_core
    printf3.o(i.__0sprintf$3) refers to printf3.o(i._sputc) for _sputc
    printf3.o(i.__0vfprintf$3) refers to printf3.o(i._printf_core) for _printf_core
    printf3.o(i.__0vfprintf$3) refers to retarget.o(.text.fputc) for fputc
    printf3.o(i.__0vprintf$3) refers to printf3.o(i._printf_core) for _printf_core
    printf3.o(i.__0vprintf$3) refers to retarget.o(.text.fputc) for fputc
    printf3.o(i.__0vprintf$3) refers to retarget.o(.bss.__stdout) for __stdout
    printf3.o(i.__0vsnprintf$3) refers to printf3.o(i._printf_core) for _printf_core
    printf3.o(i.__0vsnprintf$3) refers to printf3.o(i._snputc) for _snputc
    printf3.o(i.__0vsprintf$3) refers to printf3.o(i._printf_core) for _printf_core
    printf3.o(i.__0vsprintf$3) refers to printf3.o(i._sputc) for _sputc
    printf3.o(i._printf_core) refers to uidiv_div0.o(.text) for __aeabi_uidivmod
    printf4.o(i.__0fprintf$4) refers to printf4.o(i._printf_core) for _printf_core
    printf4.o(i.__0fprintf$4) refers to retarget.o(.text.fputc) for fputc
    printf4.o(i.__0printf$4) refers to printf4.o(i._printf_core) for _printf_core
    printf4.o(i.__0printf$4) refers to retarget.o(.text.fputc) for fputc
    printf4.o(i.__0printf$4) refers to retarget.o(.bss.__stdout) for __stdout
    printf4.o(i.__0snprintf$4) refers to printf4.o(i._printf_core) for _printf_core
    printf4.o(i.__0snprintf$4) refers to printf4.o(i._snputc) for _snputc
    printf4.o(i.__0sprintf$4) refers to printf4.o(i._printf_core) for _printf_core
    printf4.o(i.__0sprintf$4) refers to printf4.o(i._sputc) for _sputc
    printf4.o(i.__0vfprintf$4) refers to printf4.o(i._printf_core) for _printf_core
    printf4.o(i.__0vfprintf$4) refers to retarget.o(.text.fputc) for fputc
    printf4.o(i.__0vprintf$4) refers to printf4.o(i._printf_core) for _printf_core
    printf4.o(i.__0vprintf$4) refers to retarget.o(.text.fputc) for fputc
    printf4.o(i.__0vprintf$4) refers to retarget.o(.bss.__stdout) for __stdout
    printf4.o(i.__0vsnprintf$4) refers to printf4.o(i._printf_core) for _printf_core
    printf4.o(i.__0vsnprintf$4) refers to printf4.o(i._snputc) for _snputc
    printf4.o(i.__0vsprintf$4) refers to printf4.o(i._printf_core) for _printf_core
    printf4.o(i.__0vsprintf$4) refers to printf4.o(i._sputc) for _sputc
    printf4.o(i._printf_core) refers to uldiv.o(.text) for __aeabi_uldivmod
    printf5.o(i.__0fprintf$5) refers to printf5.o(i._printf_core) for _printf_core
    printf5.o(i.__0fprintf$5) refers to retarget.o(.text.fputc) for fputc
    printf5.o(i.__0printf$5) refers to printf5.o(i._printf_core) for _printf_core
    printf5.o(i.__0printf$5) refers to retarget.o(.text.fputc) for fputc
    printf5.o(i.__0printf$5) refers to retarget.o(.bss.__stdout) for __stdout
    printf5.o(i.__0snprintf$5) refers to printf5.o(i._printf_core) for _printf_core
    printf5.o(i.__0snprintf$5) refers to printf5.o(i._snputc) for _snputc
    printf5.o(i.__0sprintf$5) refers to printf5.o(i._printf_core) for _printf_core
    printf5.o(i.__0sprintf$5) refers to printf5.o(i._sputc) for _sputc
    printf5.o(i.__0vfprintf$5) refers to printf5.o(i._printf_core) for _printf_core
    printf5.o(i.__0vfprintf$5) refers to retarget.o(.text.fputc) for fputc
    printf5.o(i.__0vprintf$5) refers to printf5.o(i._printf_core) for _printf_core
    printf5.o(i.__0vprintf$5) refers to retarget.o(.text.fputc) for fputc
    printf5.o(i.__0vprintf$5) refers to retarget.o(.bss.__stdout) for __stdout
    printf5.o(i.__0vsnprintf$5) refers to printf5.o(i._printf_core) for _printf_core
    printf5.o(i.__0vsnprintf$5) refers to printf5.o(i._snputc) for _snputc
    printf5.o(i.__0vsprintf$5) refers to printf5.o(i._printf_core) for _printf_core
    printf5.o(i.__0vsprintf$5) refers to printf5.o(i._sputc) for _sputc
    printf5.o(i._printf_core) refers to uldiv.o(.text) for __aeabi_uldivmod
    printf6.o(i.__0fprintf$6) refers to printf6.o(i._printf_core) for _printf_core
    printf6.o(i.__0fprintf$6) refers to retarget.o(.text.fputc) for fputc
    printf6.o(i.__0printf$6) refers to printf6.o(i._printf_core) for _printf_core
    printf6.o(i.__0printf$6) refers to retarget.o(.text.fputc) for fputc
    printf6.o(i.__0printf$6) refers to retarget.o(.bss.__stdout) for __stdout
    printf6.o(i.__0snprintf$6) refers to printf6.o(i._printf_core) for _printf_core
    printf6.o(i.__0snprintf$6) refers to printf6.o(i._snputc) for _snputc
    printf6.o(i.__0sprintf$6) refers to printf6.o(i._printf_core) for _printf_core
    printf6.o(i.__0sprintf$6) refers to printf6.o(i._sputc) for _sputc
    printf6.o(i.__0vfprintf$6) refers to printf6.o(i._printf_core) for _printf_core
    printf6.o(i.__0vfprintf$6) refers to retarget.o(.text.fputc) for fputc
    printf6.o(i.__0vprintf$6) refers to printf6.o(i._printf_core) for _printf_core
    printf6.o(i.__0vprintf$6) refers to retarget.o(.text.fputc) for fputc
    printf6.o(i.__0vprintf$6) refers to retarget.o(.bss.__stdout) for __stdout
    printf6.o(i.__0vsnprintf$6) refers to printf6.o(i._printf_core) for _printf_core
    printf6.o(i.__0vsnprintf$6) refers to printf6.o(i._snputc) for _snputc
    printf6.o(i.__0vsprintf$6) refers to printf6.o(i._printf_core) for _printf_core
    printf6.o(i.__0vsprintf$6) refers to printf6.o(i._sputc) for _sputc
    printf6.o(i._printf_core) refers to printf6.o(i._printf_pre_padding) for _printf_pre_padding
    printf6.o(i._printf_core) refers to printf6.o(i._printf_post_padding) for _printf_post_padding
    printf6.o(i._printf_core) refers to uidiv_div0.o(.text) for __aeabi_uidivmod
    printf7.o(i.__0fprintf$7) refers to printf7.o(i._printf_core) for _printf_core
    printf7.o(i.__0fprintf$7) refers to retarget.o(.text.fputc) for fputc
    printf7.o(i.__0printf$7) refers to printf7.o(i._printf_core) for _printf_core
    printf7.o(i.__0printf$7) refers to retarget.o(.text.fputc) for fputc
    printf7.o(i.__0printf$7) refers to retarget.o(.bss.__stdout) for __stdout
    printf7.o(i.__0snprintf$7) refers to printf7.o(i._printf_core) for _printf_core
    printf7.o(i.__0snprintf$7) refers to printf7.o(i._snputc) for _snputc
    printf7.o(i.__0sprintf$7) refers to printf7.o(i._printf_core) for _printf_core
    printf7.o(i.__0sprintf$7) refers to printf7.o(i._sputc) for _sputc
    printf7.o(i.__0vfprintf$7) refers to printf7.o(i._printf_core) for _printf_core
    printf7.o(i.__0vfprintf$7) refers to retarget.o(.text.fputc) for fputc
    printf7.o(i.__0vprintf$7) refers to printf7.o(i._printf_core) for _printf_core
    printf7.o(i.__0vprintf$7) refers to retarget.o(.text.fputc) for fputc
    printf7.o(i.__0vprintf$7) refers to retarget.o(.bss.__stdout) for __stdout
    printf7.o(i.__0vsnprintf$7) refers to printf7.o(i._printf_core) for _printf_core
    printf7.o(i.__0vsnprintf$7) refers to printf7.o(i._snputc) for _snputc
    printf7.o(i.__0vsprintf$7) refers to printf7.o(i._printf_core) for _printf_core
    printf7.o(i.__0vsprintf$7) refers to printf7.o(i._sputc) for _sputc
    printf7.o(i._printf_core) refers to printf7.o(i._printf_pre_padding) for _printf_pre_padding
    printf7.o(i._printf_core) refers to printf7.o(i._printf_post_padding) for _printf_post_padding
    printf7.o(i._printf_core) refers to uldiv.o(.text) for __aeabi_uldivmod
    printf8.o(i.__0fprintf$8) refers to printf8.o(i._printf_core) for _printf_core
    printf8.o(i.__0fprintf$8) refers to retarget.o(.text.fputc) for fputc
    printf8.o(i.__0printf$8) refers to printf8.o(i._printf_core) for _printf_core
    printf8.o(i.__0printf$8) refers to retarget.o(.text.fputc) for fputc
    printf8.o(i.__0printf$8) refers to retarget.o(.bss.__stdout) for __stdout
    printf8.o(i.__0snprintf$8) refers to printf8.o(i._printf_core) for _printf_core
    printf8.o(i.__0snprintf$8) refers to printf8.o(i._snputc) for _snputc
    printf8.o(i.__0sprintf$8) refers to printf8.o(i._printf_core) for _printf_core
    printf8.o(i.__0sprintf$8) refers to printf8.o(i._sputc) for _sputc
    printf8.o(i.__0vfprintf$8) refers to printf8.o(i._printf_core) for _printf_core
    printf8.o(i.__0vfprintf$8) refers to retarget.o(.text.fputc) for fputc
    printf8.o(i.__0vprintf$8) refers to printf8.o(i._printf_core) for _printf_core
    printf8.o(i.__0vprintf$8) refers to retarget.o(.text.fputc) for fputc
    printf8.o(i.__0vprintf$8) refers to retarget.o(.bss.__stdout) for __stdout
    printf8.o(i.__0vsnprintf$8) refers to printf8.o(i._printf_core) for _printf_core
    printf8.o(i.__0vsnprintf$8) refers to printf8.o(i._snputc) for _snputc
    printf8.o(i.__0vsprintf$8) refers to printf8.o(i._printf_core) for _printf_core
    printf8.o(i.__0vsprintf$8) refers to printf8.o(i._sputc) for _sputc
    printf8.o(i._printf_core) refers to printf8.o(i._printf_pre_padding) for _printf_pre_padding
    printf8.o(i._printf_core) refers to printf8.o(i._printf_post_padding) for _printf_post_padding
    printf8.o(i._printf_core) refers to uldiv.o(.text) for __aeabi_uldivmod
    printfa.o(i.__0fprintf) refers (Special) to iusefp.o(.text) for __I$use$fp
    printfa.o(i.__0fprintf) refers to printfa.o(i._printf_core) for _printf_core
    printfa.o(i.__0fprintf) refers to retarget.o(.text.fputc) for fputc
    printfa.o(i.__0printf) refers (Special) to iusefp.o(.text) for __I$use$fp
    printfa.o(i.__0printf) refers to printfa.o(i._printf_core) for _printf_core
    printfa.o(i.__0printf) refers to retarget.o(.text.fputc) for fputc
    printfa.o(i.__0printf) refers to retarget.o(.bss.__stdout) for __stdout
    printfa.o(i.__0snprintf) refers (Special) to iusefp.o(.text) for __I$use$fp
    printfa.o(i.__0snprintf) refers to printfa.o(i._printf_core) for _printf_core
    printfa.o(i.__0snprintf) refers to printfa.o(i._snputc) for _snputc
    printfa.o(i.__0sprintf) refers (Special) to iusefp.o(.text) for __I$use$fp
    printfa.o(i.__0sprintf) refers to printfa.o(i._printf_core) for _printf_core
    printfa.o(i.__0sprintf) refers to printfa.o(i._sputc) for _sputc
    printfa.o(i.__0vfprintf) refers (Special) to iusefp.o(.text) for __I$use$fp
    printfa.o(i.__0vfprintf) refers to printfa.o(i._printf_core) for _printf_core
    printfa.o(i.__0vfprintf) refers to retarget.o(.text.fputc) for fputc
    printfa.o(i.__0vprintf) refers (Special) to iusefp.o(.text) for __I$use$fp
    printfa.o(i.__0vprintf) refers to printfa.o(i._printf_core) for _printf_core
    printfa.o(i.__0vprintf) refers to retarget.o(.text.fputc) for fputc
    printfa.o(i.__0vprintf) refers to retarget.o(.bss.__stdout) for __stdout
    printfa.o(i.__0vsnprintf) refers (Special) to iusefp.o(.text) for __I$use$fp
    printfa.o(i.__0vsnprintf) refers to printfa.o(i._printf_core) for _printf_core
    printfa.o(i.__0vsnprintf) refers to printfa.o(i._snputc) for _snputc
    printfa.o(i.__0vsprintf) refers (Special) to iusefp.o(.text) for __I$use$fp
    printfa.o(i.__0vsprintf) refers to printfa.o(i._printf_core) for _printf_core
    printfa.o(i.__0vsprintf) refers to printfa.o(i._sputc) for _sputc
    printfa.o(i._fp_digits) refers (Special) to iusefp.o(.text) for __I$use$fp
    printfa.o(i._fp_digits) refers to dmul.o(.text) for __aeabi_dmul
    printfa.o(i._fp_digits) refers to ddiv.o(.text) for __aeabi_ddiv
    printfa.o(i._fp_digits) refers to cdrcmple.o(.text) for __aeabi_cdrcmple
    printfa.o(i._fp_digits) refers to dadd.o(.text) for __aeabi_dadd
    printfa.o(i._fp_digits) refers to dfixul.o(.text) for __aeabi_d2ulz
    printfa.o(i._fp_digits) refers to uldiv.o(.text) for __aeabi_uldivmod
    printfa.o(i._printf_core) refers (Special) to iusefp.o(.text) for __I$use$fp
    printfa.o(i._printf_core) refers to printfa.o(i._printf_pre_padding) for _printf_pre_padding
    printfa.o(i._printf_core) refers to uldiv.o(.text) for __aeabi_uldivmod
    printfa.o(i._printf_core) refers to printfa.o(i._printf_post_padding) for _printf_post_padding
    printfa.o(i._printf_core) refers to printfa.o(i._fp_digits) for _fp_digits
    printfa.o(i._printf_core) refers to uidiv_div0.o(.text) for __aeabi_uidivmod
    printfa.o(i._printf_post_padding) refers (Special) to iusefp.o(.text) for __I$use$fp
    printfa.o(i._printf_pre_padding) refers (Special) to iusefp.o(.text) for __I$use$fp
    printfa.o(i._snputc) refers (Special) to iusefp.o(.text) for __I$use$fp
    printfa.o(i._sputc) refers (Special) to iusefp.o(.text) for __I$use$fp
    dmul.o(.text) refers (Special) to iusefp.o(.text) for __I$use$fp
    dmul.o(.text) refers to depilogue.o(.text) for _double_epilogue
    fflti.o(.text) refers (Special) to iusefp.o(.text) for __I$use$fp
    fflti.o(.text) refers to fepilogue.o(.text) for _float_epilogue
    f2d.o(.text) refers (Special) to iusefp.o(.text) for __I$use$fp
    d2f.o(.text) refers (Special) to iusefp.o(.text) for __I$use$fp
    d2f.o(.text) refers to fepilogue.o(.text) for _float_round
    entry2.o(.ARM.Collect$$$$00000001) refers to entry2.o(.ARM.Collect$$$$00002712) for __lit__00000000
    entry2.o(.ARM.Collect$$$$00002712) refers to startup_m251.o(STACK) for __initial_sp
    entry2.o(__vectab_stack_and_reset_area) refers to startup_m251.o(STACK) for __initial_sp
    entry2.o(__vectab_stack_and_reset_area) refers to entry.o(.ARM.Collect$$$$00000000) for __main
    entry5.o(.ARM.Collect$$$$00000004) refers to init.o(.text) for __scatterload
    entry9a.o(.ARM.Collect$$$$0000000B) refers to main.o(.text.main) for main
    entry9b.o(.ARM.Collect$$$$0000000C) refers to main.o(.text.main) for main
    uldiv.o(.text) refers to llushr.o(.text) for __aeabi_llsr
    uldiv.o(.text) refers to llshl.o(.text) for __aeabi_llsl
    fepilogue.o(.text) refers (Special) to iusefp.o(.text) for __I$use$fp
    depilogue.o(.text) refers (Special) to iusefp.o(.text) for __I$use$fp
    depilogue.o(.text) refers to depilogue.o(i.__ARM_clz) for __ARM_clz
    depilogue.o(.text) refers to llshl.o(.text) for __aeabi_llsl
    depilogue.o(.text) refers to llushr.o(.text) for __aeabi_llsr
    dadd.o(.text) refers (Special) to iusefp.o(.text) for __I$use$fp
    dadd.o(.text) refers to llshl.o(.text) for __aeabi_llsl
    dadd.o(.text) refers to llsshr.o(.text) for __aeabi_lasr
    dadd.o(.text) refers to depilogue.o(.text) for _double_epilogue
    ddiv.o(.text) refers (Special) to iusefp.o(.text) for __I$use$fp
    ddiv.o(.text) refers to depilogue.o(.text) for _double_round
    dfixul.o(.text) refers (Special) to iusefp.o(.text) for __I$use$fp
    dfixul.o(.text) refers to llushr.o(.text) for __aeabi_llsr
    dfixul.o(.text) refers to llshl.o(.text) for __aeabi_llsl
    cdrcmple.o(.text) refers (Special) to iusefp.o(.text) for __I$use$fp
    init.o(.text) refers to entry5.o(.ARM.Collect$$$$00000004) for __main_after_scatterload
    idiv_div0.o(.text) refers to uidiv_div0.o(.text) for __aeabi_uidivmod
    depilogue.o(i.__ARM_clz) refers (Special) to iusefp.o(.text) for __I$use$fp


==============================================================================

Removing Unused input sections from the image.

    Removing system_m251.o(.text), (0 bytes).
    Removing system_m251.o(.ARM.exidx.text.SystemCoreClockUpdate), (8 bytes).
    Removing system_m251.o(.ARM.exidx.text.SystemInit), (8 bytes).
    Removing system_m251.o(.text.Uart0DefaultMPF), (40 bytes).
    Removing system_m251.o(.ARM.exidx.text.Uart0DefaultMPF), (8 bytes).
    Removing startup_m251.o(HEAP), (0 bytes).
    Removing main.o(.text), (0 bytes).
    Removing main.o(.ARM.exidx.text.SYS_Init), (8 bytes).
    Removing main.o(.text.SPI_Init), (32 bytes).
    Removing main.o(.ARM.exidx.text.SPI_Init), (8 bytes).
    Removing main.o(.ARM.exidx.text.GPA_IRQHandler), (8 bytes).
    Removing main.o(.ARM.exidx.text.main), (8 bytes).
    Removing main.o(.ARM.use_no_argv), (4 bytes).
    Removing nadc_driver.o(.text), (0 bytes).
    Removing nadc_driver.o(.text.delay_10us), (52 bytes).
    Removing nadc_driver.o(.ARM.exidx.text.delay_10us), (8 bytes).
    Removing nadc_driver.o(.text.delay_1ms), (52 bytes).
    Removing nadc_driver.o(.ARM.exidx.text.delay_1ms), (8 bytes).
    Removing nadc_driver.o(.ARM.exidx.text.SPI_WriteReg_Bank1_Until_Success), (8 bytes).
    Removing nadc_driver.o(.text.SPI_ReadReg_Bank1), (100 bytes).
    Removing nadc_driver.o(.ARM.exidx.text.SPI_ReadReg_Bank1), (8 bytes).
    Removing nadc_driver.o(.text.SPI_WriteReg_Bank1), (96 bytes).
    Removing nadc_driver.o(.ARM.exidx.text.SPI_WriteReg_Bank1), (8 bytes).
    Removing nadc_driver.o(.ARM.exidx.text.Reset_NADC24B), (8 bytes).
    Removing nadc_driver.o(.text.SPI_WriteReg_Bank2), (96 bytes).
    Removing nadc_driver.o(.ARM.exidx.text.SPI_WriteReg_Bank2), (8 bytes).
    Removing nadc_driver.o(.text.SPI_Send_ADC_Commnad), (52 bytes).
    Removing nadc_driver.o(.ARM.exidx.text.SPI_Send_ADC_Commnad), (8 bytes).
    Removing nadc_driver.o(.ARM.exidx.text.NADC24B_Cali_and_Initial), (8 bytes).
    Removing nadc_driver.o(.text.SPI_ReadADCDataWithReadCMD), (104 bytes).
    Removing nadc_driver.o(.ARM.exidx.text.SPI_ReadADCDataWithReadCMD), (8 bytes).
    Removing nadc_driver.o(.text.SPI_TransferByte), (28 bytes).
    Removing nadc_driver.o(.ARM.exidx.text.SPI_TransferByte), (8 bytes).
    Removing nadc_driver.o(.text.SPI_ReadReg_Bank2), (100 bytes).
    Removing nadc_driver.o(.ARM.exidx.text.SPI_ReadReg_Bank2), (8 bytes).
    Removing nadc_driver.o(.ARM.exidx.text.SPI_SetChannel_and_ReadADCData), (8 bytes).
    Removing timer.o(.text), (0 bytes).
    Removing timer.o(.text.TIMER_Open), (148 bytes).
    Removing timer.o(.ARM.exidx.text.TIMER_Open), (8 bytes).
    Removing timer.o(.text.TIMER_GetModuleClock), (96 bytes).
    Removing timer.o(.ARM.exidx.text.TIMER_GetModuleClock), (8 bytes).
    Removing timer.o(.text.TIMER_Close), (8 bytes).
    Removing timer.o(.ARM.exidx.text.TIMER_Close), (8 bytes).
    Removing timer.o(.text.TIMER_Delay), (360 bytes).
    Removing timer.o(.ARM.exidx.text.TIMER_Delay), (8 bytes).
    Removing timer.o(.text.TIMER_EnableCapture), (24 bytes).
    Removing timer.o(.ARM.exidx.text.TIMER_EnableCapture), (8 bytes).
    Removing timer.o(.text.TIMER_CaptureSelect), (38 bytes).
    Removing timer.o(.ARM.exidx.text.TIMER_CaptureSelect), (8 bytes).
    Removing timer.o(.text.TIMER_DisableCapture), (10 bytes).
    Removing timer.o(.ARM.exidx.text.TIMER_DisableCapture), (8 bytes).
    Removing timer.o(.text.TIMER_SetTriggerSource), (12 bytes).
    Removing timer.o(.ARM.exidx.text.TIMER_SetTriggerSource), (8 bytes).
    Removing timer.o(.text.TIMER_SetTriggerTarget), (14 bytes).
    Removing timer.o(.ARM.exidx.text.TIMER_SetTriggerTarget), (8 bytes).
    Removing timer.o(.text.TIMER_EnableEventCounter), (20 bytes).
    Removing timer.o(.ARM.exidx.text.TIMER_EnableEventCounter), (8 bytes).
    Removing timer.o(.text.TIMER_DisableEventCounter), (12 bytes).
    Removing timer.o(.ARM.exidx.text.TIMER_DisableEventCounter), (8 bytes).
    Removing timer.o(.text.TIMER_EnableFreqCounter), (76 bytes).
    Removing timer.o(.ARM.exidx.text.TIMER_EnableFreqCounter), (8 bytes).
    Removing timer.o(.text.TIMER_DisableFreqCounter), (12 bytes).
    Removing timer.o(.ARM.exidx.text.TIMER_DisableFreqCounter), (8 bytes).
    Removing timer.o(.text.TIMER_ResetCounter), (168 bytes).
    Removing timer.o(.ARM.exidx.text.TIMER_ResetCounter), (8 bytes).
    Removing timer.o(.rodata.cst32), (32 bytes).
    Removing fmc.o(.text), (0 bytes).
    Removing fmc.o(.text.FMC_SetBootSource), (24 bytes).
    Removing fmc.o(.ARM.exidx.text.FMC_SetBootSource), (8 bytes).
    Removing fmc.o(.text.FMC_Close), (16 bytes).
    Removing fmc.o(.ARM.exidx.text.FMC_Close), (8 bytes).
    Removing fmc.o(.text.FMC_GetBootSource), (16 bytes).
    Removing fmc.o(.ARM.exidx.text.FMC_GetBootSource), (8 bytes).
    Removing fmc.o(.text.FMC_Open), (16 bytes).
    Removing fmc.o(.ARM.exidx.text.FMC_Open), (8 bytes).
    Removing fmc.o(.text.FMC_ReadConfig), (136 bytes).
    Removing fmc.o(.ARM.exidx.text.FMC_ReadConfig), (8 bytes).
    Removing fmc.o(.text.FMC_Read), (76 bytes).
    Removing fmc.o(.ARM.exidx.text.FMC_Read), (8 bytes).
    Removing fmc.o(.text.FMC_WriteConfig), (240 bytes).
    Removing fmc.o(.ARM.exidx.text.FMC_WriteConfig), (8 bytes).
    Removing fmc.o(.text.FMC_Write), (92 bytes).
    Removing fmc.o(.ARM.exidx.text.FMC_Write), (8 bytes).
    Removing fmc.o(.text.FMC_GetChkSum), (140 bytes).
    Removing fmc.o(.ARM.exidx.text.FMC_GetChkSum), (8 bytes).
    Removing fmc.o(.text.FMC_CheckAllOne), (204 bytes).
    Removing fmc.o(.ARM.exidx.text.FMC_CheckAllOne), (8 bytes).
    Removing fmc.o(.text.FMC_Is_XOM_Actived), (32 bytes).
    Removing fmc.o(.ARM.exidx.text.FMC_Is_XOM_Actived), (8 bytes).
    Removing fmc.o(.text.FMC_Config_XOM), (372 bytes).
    Removing fmc.o(.ARM.exidx.text.FMC_Config_XOM), (8 bytes).
    Removing fmc.o(.text.FMC_Erase_XOM), (140 bytes).
    Removing fmc.o(.ARM.exidx.text.FMC_Erase_XOM), (8 bytes).
    Removing fmc.o(.text.FMC_Erase), (96 bytes).
    Removing fmc.o(.ARM.exidx.text.FMC_Erase), (8 bytes).
    Removing fmc.o(.text.FMC_Write128), (416 bytes).
    Removing fmc.o(.ARM.exidx.text.FMC_Write128), (8 bytes).
    Removing fmc.o(.bss.g_FMC_i32ErrCode), (4 bytes).
    Removing gpio.o(.text), (0 bytes).
    Removing gpio.o(.ARM.exidx.text.GPIO_SetMode), (8 bytes).
    Removing gpio.o(.ARM.exidx.text.GPIO_EnableInt), (8 bytes).
    Removing gpio.o(.text.GPIO_DisableInt), (28 bytes).
    Removing gpio.o(.ARM.exidx.text.GPIO_DisableInt), (8 bytes).
    Removing gpio.o(.text.GPIO_SetSlewCtl), (52 bytes).
    Removing gpio.o(.ARM.exidx.text.GPIO_SetSlewCtl), (8 bytes).
    Removing gpio.o(.text.GPIO_SetPullCtl), (52 bytes).
    Removing gpio.o(.ARM.exidx.text.GPIO_SetPullCtl), (8 bytes).
    Removing spi.o(.text), (0 bytes).
    Removing spi.o(.ARM.exidx.text.SPI_Open), (8 bytes).
    Removing spi.o(.text.SPI_Close), (64 bytes).
    Removing spi.o(.ARM.exidx.text.SPI_Close), (8 bytes).
    Removing spi.o(.text.SPI_ClearRxFIFO), (12 bytes).
    Removing spi.o(.ARM.exidx.text.SPI_ClearRxFIFO), (8 bytes).
    Removing spi.o(.text.SPI_ClearTxFIFO), (12 bytes).
    Removing spi.o(.ARM.exidx.text.SPI_ClearTxFIFO), (8 bytes).
    Removing spi.o(.text.SPI_DisableAutoSS), (10 bytes).
    Removing spi.o(.ARM.exidx.text.SPI_DisableAutoSS), (8 bytes).
    Removing spi.o(.text.SPI_EnableAutoSS), (18 bytes).
    Removing spi.o(.ARM.exidx.text.SPI_EnableAutoSS), (8 bytes).
    Removing spi.o(.text.SPI_SetBusClock), (244 bytes).
    Removing spi.o(.ARM.exidx.text.SPI_SetBusClock), (8 bytes).
    Removing spi.o(.text.SPI_SetFIFO), (22 bytes).
    Removing spi.o(.ARM.exidx.text.SPI_SetFIFO), (8 bytes).
    Removing spi.o(.text.SPI_GetBusClock), (128 bytes).
    Removing spi.o(.ARM.exidx.text.SPI_GetBusClock), (8 bytes).
    Removing spi.o(.text.SPI_EnableInt), (166 bytes).
    Removing spi.o(.ARM.exidx.text.SPI_EnableInt), (8 bytes).
    Removing spi.o(.text.SPI_DisableInt), (170 bytes).
    Removing spi.o(.ARM.exidx.text.SPI_DisableInt), (8 bytes).
    Removing spi.o(.text.SPI_GetIntFlag), (232 bytes).
    Removing spi.o(.ARM.exidx.text.SPI_GetIntFlag), (8 bytes).
    Removing spi.o(.text.SPI_ClearIntFlag), (102 bytes).
    Removing spi.o(.ARM.exidx.text.SPI_ClearIntFlag), (8 bytes).
    Removing spi.o(.text.SPI_GetStatus), (176 bytes).
    Removing spi.o(.ARM.exidx.text.SPI_GetStatus), (8 bytes).
    Removing spi.o(.text.SPI_GetStatus2), (18 bytes).
    Removing spi.o(.ARM.exidx.text.SPI_GetStatus2), (8 bytes).
    Removing spi.o(.text.SPII2S_Open), (272 bytes).
    Removing spi.o(.ARM.exidx.text.SPII2S_Open), (8 bytes).
    Removing spi.o(.text.SPII2S_GetSourceClockFreq), (108 bytes).
    Removing spi.o(.ARM.exidx.text.SPII2S_GetSourceClockFreq), (8 bytes).
    Removing spi.o(.text.SPII2S_Close), (10 bytes).
    Removing spi.o(.ARM.exidx.text.SPII2S_Close), (8 bytes).
    Removing spi.o(.text.SPII2S_EnableInt), (134 bytes).
    Removing spi.o(.ARM.exidx.text.SPII2S_EnableInt), (8 bytes).
    Removing spi.o(.text.SPII2S_DisableInt), (134 bytes).
    Removing spi.o(.ARM.exidx.text.SPII2S_DisableInt), (8 bytes).
    Removing spi.o(.text.SPII2S_EnableMCLK), (60 bytes).
    Removing spi.o(.ARM.exidx.text.SPII2S_EnableMCLK), (8 bytes).
    Removing spi.o(.text.SPII2S_DisableMCLK), (12 bytes).
    Removing spi.o(.ARM.exidx.text.SPII2S_DisableMCLK), (8 bytes).
    Removing spi.o(.text.SPII2S_SetFIFO), (22 bytes).
    Removing spi.o(.ARM.exidx.text.SPII2S_SetFIFO), (8 bytes).
    Removing sys.o(.text), (0 bytes).
    Removing sys.o(.text.SYS_ClearResetSrc), (16 bytes).
    Removing sys.o(.ARM.exidx.text.SYS_ClearResetSrc), (8 bytes).
    Removing sys.o(.text.SYS_GetBODStatus), (16 bytes).
    Removing sys.o(.ARM.exidx.text.SYS_GetBODStatus), (8 bytes).
    Removing sys.o(.text.SYS_GetResetSrc), (12 bytes).
    Removing sys.o(.ARM.exidx.text.SYS_GetResetSrc), (8 bytes).
    Removing sys.o(.text.SYS_IsRegLocked), (16 bytes).
    Removing sys.o(.ARM.exidx.text.SYS_IsRegLocked), (8 bytes).
    Removing sys.o(.text.SYS_ReadPDID), (8 bytes).
    Removing sys.o(.ARM.exidx.text.SYS_ReadPDID), (8 bytes).
    Removing sys.o(.text.SYS_ResetChip), (16 bytes).
    Removing sys.o(.ARM.exidx.text.SYS_ResetChip), (8 bytes).
    Removing sys.o(.text.SYS_ResetCPU), (16 bytes).
    Removing sys.o(.ARM.exidx.text.SYS_ResetCPU), (8 bytes).
    Removing sys.o(.text.SYS_ResetModule), (36 bytes).
    Removing sys.o(.ARM.exidx.text.SYS_ResetModule), (8 bytes).
    Removing sys.o(.text.SYS_EnableBOD), (40 bytes).
    Removing sys.o(.ARM.exidx.text.SYS_EnableBOD), (8 bytes).
    Removing sys.o(.text.SYS_DisableBOD), (16 bytes).
    Removing sys.o(.ARM.exidx.text.SYS_DisableBOD), (8 bytes).
    Removing sys.o(.text.SYS_SetPowerLevel), (24 bytes).
    Removing sys.o(.ARM.exidx.text.SYS_SetPowerLevel), (8 bytes).
    Removing uart.o(.text), (0 bytes).
    Removing uart.o(.text.UART_ClearIntFlag), (84 bytes).
    Removing uart.o(.ARM.exidx.text.UART_ClearIntFlag), (8 bytes).
    Removing uart.o(.text.UART_Close), (6 bytes).
    Removing uart.o(.ARM.exidx.text.UART_Close), (8 bytes).
    Removing uart.o(.text.UART_DisableFlowCtrl), (12 bytes).
    Removing uart.o(.ARM.exidx.text.UART_DisableFlowCtrl), (8 bytes).
    Removing uart.o(.text.UART_DisableInt), (8 bytes).
    Removing uart.o(.ARM.exidx.text.UART_DisableInt), (8 bytes).
    Removing uart.o(.text.UART_EnableFlowCtrl), (32 bytes).
    Removing uart.o(.ARM.exidx.text.UART_EnableFlowCtrl), (8 bytes).
    Removing uart.o(.text.UART_EnableInt), (8 bytes).
    Removing uart.o(.ARM.exidx.text.UART_EnableInt), (8 bytes).
    Removing uart.o(.ARM.exidx.text.UART_Open), (8 bytes).
    Removing uart.o(.text.UART_Read), (58 bytes).
    Removing uart.o(.ARM.exidx.text.UART_Read), (8 bytes).
    Removing uart.o(.text.UART_SetLine_Config), (260 bytes).
    Removing uart.o(.ARM.exidx.text.UART_SetLine_Config), (8 bytes).
    Removing uart.o(.text.UART_SetTimeoutCnt), (22 bytes).
    Removing uart.o(.ARM.exidx.text.UART_SetTimeoutCnt), (8 bytes).
    Removing uart.o(.text.UART_SelectIrDAMode), (276 bytes).
    Removing uart.o(.ARM.exidx.text.UART_SelectIrDAMode), (8 bytes).
    Removing uart.o(.text.UART_SelectRS485Mode), (32 bytes).
    Removing uart.o(.ARM.exidx.text.UART_SelectRS485Mode), (8 bytes).
    Removing uart.o(.text.UART_SelectLINMode), (24 bytes).
    Removing uart.o(.ARM.exidx.text.UART_SelectLINMode), (8 bytes).
    Removing uart.o(.text.UART_Write), (58 bytes).
    Removing uart.o(.ARM.exidx.text.UART_Write), (8 bytes).
    Removing uart.o(.text.UART_SelectSingleWireMode), (14 bytes).
    Removing uart.o(.ARM.exidx.text.UART_SelectSingleWireMode), (8 bytes).
    Removing clk.o(.text), (0 bytes).
    Removing clk.o(.text.CLK_DisableCKO), (16 bytes).
    Removing clk.o(.ARM.exidx.text.CLK_DisableCKO), (8 bytes).
    Removing clk.o(.text.CLK_EnableCKO), (36 bytes).
    Removing clk.o(.ARM.exidx.text.CLK_EnableCKO), (8 bytes).
    Removing clk.o(.text.CLK_PowerDown), (84 bytes).
    Removing clk.o(.ARM.exidx.text.CLK_PowerDown), (8 bytes).
    Removing clk.o(.text.CLK_Idle), (32 bytes).
    Removing clk.o(.ARM.exidx.text.CLK_Idle), (8 bytes).
    Removing clk.o(.text.CLK_GetHXTFreq), (24 bytes).
    Removing clk.o(.ARM.exidx.text.CLK_GetHXTFreq), (8 bytes).
    Removing clk.o(.text.CLK_GetLXTFreq), (16 bytes).
    Removing clk.o(.ARM.exidx.text.CLK_GetLXTFreq), (8 bytes).
    Removing clk.o(.ARM.exidx.text.CLK_GetPCLK0Freq), (8 bytes).
    Removing clk.o(.ARM.exidx.text.CLK_GetPCLK1Freq), (8 bytes).
    Removing clk.o(.ARM.exidx.text.CLK_GetHCLKFreq), (8 bytes).
    Removing clk.o(.text.CLK_GetCPUFreq), (16 bytes).
    Removing clk.o(.ARM.exidx.text.CLK_GetCPUFreq), (8 bytes).
    Removing clk.o(.ARM.exidx.text.CLK_GetPLLClockFreq), (8 bytes).
    Removing clk.o(.text.CLK_DisablePLL), (20 bytes).
    Removing clk.o(.ARM.exidx.text.CLK_DisablePLL), (8 bytes).
    Removing clk.o(.text.CLK_EnablePLL), (668 bytes).
    Removing clk.o(.ARM.exidx.text.CLK_EnablePLL), (8 bytes).
    Removing clk.o(.ARM.exidx.text.CLK_WaitClockReady), (8 bytes).
    Removing clk.o(.ARM.exidx.text.CLK_SetHCLK), (8 bytes).
    Removing clk.o(.text.CLK_SetCoreClock), (292 bytes).
    Removing clk.o(.ARM.exidx.text.CLK_SetCoreClock), (8 bytes).
    Removing clk.o(.ARM.exidx.text.CLK_SetModuleClock), (8 bytes).
    Removing clk.o(.text.CLK_SetSysTickClockSrc), (20 bytes).
    Removing clk.o(.ARM.exidx.text.CLK_SetSysTickClockSrc), (8 bytes).
    Removing clk.o(.ARM.exidx.text.CLK_EnableXtalRC), (8 bytes).
    Removing clk.o(.text.CLK_DisableXtalRC), (16 bytes).
    Removing clk.o(.ARM.exidx.text.CLK_DisableXtalRC), (8 bytes).
    Removing clk.o(.ARM.exidx.text.CLK_EnableModuleClock), (8 bytes).
    Removing clk.o(.text.CLK_DisableModuleClock), (36 bytes).
    Removing clk.o(.ARM.exidx.text.CLK_DisableModuleClock), (8 bytes).
    Removing clk.o(.text.CLK_WaitClockDisable), (52 bytes).
    Removing clk.o(.ARM.exidx.text.CLK_WaitClockDisable), (8 bytes).
    Removing clk.o(.text.CLK_EnableSysTick), (76 bytes).
    Removing clk.o(.ARM.exidx.text.CLK_EnableSysTick), (8 bytes).
    Removing clk.o(.text.CLK_DisableSysTick), (12 bytes).
    Removing clk.o(.ARM.exidx.text.CLK_DisableSysTick), (8 bytes).
    Removing clk.o(.text.CLK_SetPowerDownMode), (20 bytes).
    Removing clk.o(.ARM.exidx.text.CLK_SetPowerDownMode), (8 bytes).
    Removing clk.o(.text.CLK_EnableDPDWKPin), (72 bytes).
    Removing clk.o(.ARM.exidx.text.CLK_EnableDPDWKPin), (8 bytes).
    Removing clk.o(.text.CLK_EnableDPDWKPin0), (20 bytes).
    Removing clk.o(.ARM.exidx.text.CLK_EnableDPDWKPin0), (8 bytes).
    Removing clk.o(.text.CLK_EnableDPDWKPin1), (20 bytes).
    Removing clk.o(.ARM.exidx.text.CLK_EnableDPDWKPin1), (8 bytes).
    Removing clk.o(.text.CLK_EnableDPDWKPin2), (20 bytes).
    Removing clk.o(.ARM.exidx.text.CLK_EnableDPDWKPin2), (8 bytes).
    Removing clk.o(.text.CLK_EnableDPDWKPin3), (20 bytes).
    Removing clk.o(.ARM.exidx.text.CLK_EnableDPDWKPin3), (8 bytes).
    Removing clk.o(.text.CLK_EnableDPDWKPin4), (20 bytes).
    Removing clk.o(.ARM.exidx.text.CLK_EnableDPDWKPin4), (8 bytes).
    Removing clk.o(.text.CLK_GetPMUWKSrc), (12 bytes).
    Removing clk.o(.ARM.exidx.text.CLK_GetPMUWKSrc), (8 bytes).
    Removing clk.o(.text.CLK_GetModuleClockSource), (140 bytes).
    Removing clk.o(.ARM.exidx.text.CLK_GetModuleClockSource), (8 bytes).
    Removing clk.o(.text.CLK_GetModuleClockDivider), (56 bytes).
    Removing clk.o(.ARM.exidx.text.CLK_GetModuleClockDivider), (8 bytes).
    Removing retarget.o(.text), (0 bytes).
    Removing retarget.o(.ARM.exidx.text.SH_Return), (8 bytes).
    Removing retarget.o(.ARM.exidx.text.ProcessHardFault), (8 bytes).
    Removing retarget.o(.ARM.exidx.text.SendChar_ToUART), (8 bytes).
    Removing retarget.o(.ARM.exidx.text.SendChar), (8 bytes).
    Removing retarget.o(.ARM.exidx.text.GetChar), (8 bytes).
    Removing retarget.o(.text.kbhit), (16 bytes).
    Removing retarget.o(.ARM.exidx.text.kbhit), (8 bytes).
    Removing retarget.o(.text.IsDebugFifoEmpty), (16 bytes).
    Removing retarget.o(.ARM.exidx.text.IsDebugFifoEmpty), (8 bytes).
    Removing retarget.o(.text._ttywrch), (4 bytes).
    Removing retarget.o(.ARM.exidx.text._ttywrch), (8 bytes).
    Removing retarget.o(.ARM.exidx.text.fputc), (8 bytes).
    Removing retarget.o(.text.fgetc), (20 bytes).
    Removing retarget.o(.ARM.exidx.text.fgetc), (8 bytes).
    Removing retarget.o(.text.ferror), (6 bytes).
    Removing retarget.o(.ARM.exidx.text.ferror), (8 bytes).
    Removing retarget.o(.bss.__stdin), (84 bytes).
    Removing i2c.o(.text), (0 bytes).
    Removing i2c.o(.text.I2C_Open), (64 bytes).
    Removing i2c.o(.ARM.exidx.text.I2C_Open), (8 bytes).
    Removing i2c.o(.text.I2C_Close), (72 bytes).
    Removing i2c.o(.ARM.exidx.text.I2C_Close), (8 bytes).
    Removing i2c.o(.text.I2C_ClearTimeoutFlag), (10 bytes).
    Removing i2c.o(.ARM.exidx.text.I2C_ClearTimeoutFlag), (8 bytes).
    Removing i2c.o(.text.I2C_Trigger), (34 bytes).
    Removing i2c.o(.ARM.exidx.text.I2C_Trigger), (8 bytes).
    Removing i2c.o(.text.I2C_DisableInt), (10 bytes).
    Removing i2c.o(.ARM.exidx.text.I2C_DisableInt), (8 bytes).
    Removing i2c.o(.text.I2C_EnableInt), (10 bytes).
    Removing i2c.o(.ARM.exidx.text.I2C_EnableInt), (8 bytes).
    Removing i2c.o(.text.I2C_GetBusClockFreq), (36 bytes).
    Removing i2c.o(.ARM.exidx.text.I2C_GetBusClockFreq), (8 bytes).
    Removing i2c.o(.text.I2C_SetBusClockFreq), (56 bytes).
    Removing i2c.o(.ARM.exidx.text.I2C_SetBusClockFreq), (8 bytes).
    Removing i2c.o(.text.I2C_GetIntFlag), (8 bytes).
    Removing i2c.o(.ARM.exidx.text.I2C_GetIntFlag), (8 bytes).
    Removing i2c.o(.text.I2C_GetStatus), (4 bytes).
    Removing i2c.o(.ARM.exidx.text.I2C_GetStatus), (8 bytes).
    Removing i2c.o(.text.I2C_GetData), (6 bytes).
    Removing i2c.o(.ARM.exidx.text.I2C_GetData), (8 bytes).
    Removing i2c.o(.text.I2C_SetData), (4 bytes).
    Removing i2c.o(.ARM.exidx.text.I2C_SetData), (8 bytes).
    Removing i2c.o(.text.I2C_SetSlaveAddr), (26 bytes).
    Removing i2c.o(.ARM.exidx.text.I2C_SetSlaveAddr), (8 bytes).
    Removing i2c.o(.text.I2C_SetSlaveAddrMask), (24 bytes).
    Removing i2c.o(.ARM.exidx.text.I2C_SetSlaveAddrMask), (8 bytes).
    Removing i2c.o(.text.I2C_EnableTimeout), (26 bytes).
    Removing i2c.o(.ARM.exidx.text.I2C_EnableTimeout), (8 bytes).
    Removing i2c.o(.text.I2C_DisableTimeout), (10 bytes).
    Removing i2c.o(.ARM.exidx.text.I2C_DisableTimeout), (8 bytes).
    Removing i2c.o(.text.I2C_EnableWakeup), (10 bytes).
    Removing i2c.o(.ARM.exidx.text.I2C_EnableWakeup), (8 bytes).
    Removing i2c.o(.text.I2C_DisableWakeup), (10 bytes).
    Removing i2c.o(.ARM.exidx.text.I2C_DisableWakeup), (8 bytes).
    Removing i2c.o(.text.I2C_SMBusGetStatus), (4 bytes).
    Removing i2c.o(.ARM.exidx.text.I2C_SMBusGetStatus), (8 bytes).
    Removing i2c.o(.text.I2C_SMBusClearInterruptFlag), (4 bytes).
    Removing i2c.o(.ARM.exidx.text.I2C_SMBusClearInterruptFlag), (8 bytes).
    Removing i2c.o(.text.I2C_SMBusSetPacketByteCount), (4 bytes).
    Removing i2c.o(.ARM.exidx.text.I2C_SMBusSetPacketByteCount), (8 bytes).
    Removing i2c.o(.text.I2C_SMBusOpen), (26 bytes).
    Removing i2c.o(.ARM.exidx.text.I2C_SMBusOpen), (8 bytes).
    Removing i2c.o(.text.I2C_SMBusClose), (6 bytes).
    Removing i2c.o(.ARM.exidx.text.I2C_SMBusClose), (8 bytes).
    Removing i2c.o(.text.I2C_SMBusPECTxEnable), (28 bytes).
    Removing i2c.o(.ARM.exidx.text.I2C_SMBusPECTxEnable), (8 bytes).
    Removing i2c.o(.text.I2C_SMBusGetPECValue), (6 bytes).
    Removing i2c.o(.ARM.exidx.text.I2C_SMBusGetPECValue), (8 bytes).
    Removing i2c.o(.text.I2C_SMBusIdleTimeout), (40 bytes).
    Removing i2c.o(.ARM.exidx.text.I2C_SMBusIdleTimeout), (8 bytes).
    Removing i2c.o(.text.I2C_SMBusTimeout), (54 bytes).
    Removing i2c.o(.ARM.exidx.text.I2C_SMBusTimeout), (8 bytes).
    Removing i2c.o(.text.I2C_SMBusClockLoTimeout), (54 bytes).
    Removing i2c.o(.ARM.exidx.text.I2C_SMBusClockLoTimeout), (8 bytes).
    Removing i2c.o(.text.I2C_WriteByte), (216 bytes).
    Removing i2c.o(.ARM.exidx.text.I2C_WriteByte), (8 bytes).
    Removing i2c.o(.text.I2C_WriteMultiBytes), (232 bytes).
    Removing i2c.o(.ARM.exidx.text.I2C_WriteMultiBytes), (8 bytes).
    Removing i2c.o(.text.I2C_WriteByteOneReg), (228 bytes).
    Removing i2c.o(.ARM.exidx.text.I2C_WriteByteOneReg), (8 bytes).
    Removing i2c.o(.text.I2C_WriteMultiBytesOneReg), (236 bytes).
    Removing i2c.o(.ARM.exidx.text.I2C_WriteMultiBytesOneReg), (8 bytes).
    Removing i2c.o(.text.I2C_WriteByteTwoRegs), (256 bytes).
    Removing i2c.o(.ARM.exidx.text.I2C_WriteByteTwoRegs), (8 bytes).
    Removing i2c.o(.text.I2C_WriteMultiBytesTwoRegs), (264 bytes).
    Removing i2c.o(.ARM.exidx.text.I2C_WriteMultiBytesTwoRegs), (8 bytes).
    Removing i2c.o(.text.I2C_ReadByte), (220 bytes).
    Removing i2c.o(.ARM.exidx.text.I2C_ReadByte), (8 bytes).
    Removing i2c.o(.text.I2C_ReadMultiBytes), (268 bytes).
    Removing i2c.o(.ARM.exidx.text.I2C_ReadMultiBytes), (8 bytes).
    Removing i2c.o(.text.I2C_ReadByteOneReg), (252 bytes).
    Removing i2c.o(.ARM.exidx.text.I2C_ReadByteOneReg), (8 bytes).
    Removing i2c.o(.text.I2C_ReadMultiBytesOneReg), (296 bytes).
    Removing i2c.o(.ARM.exidx.text.I2C_ReadMultiBytesOneReg), (8 bytes).
    Removing i2c.o(.text.I2C_ReadByteTwoRegs), (292 bytes).
    Removing i2c.o(.ARM.exidx.text.I2C_ReadByteTwoRegs), (8 bytes).
    Removing i2c.o(.text.I2C_ReadMultiBytesTwoRegs), (320 bytes).
    Removing i2c.o(.ARM.exidx.text.I2C_ReadMultiBytesTwoRegs), (8 bytes).
    Removing i2c.o(.bss.g_I2C_i32ErrCode), (4 bytes).

368 unused section(s) (total 14378 bytes) removed from the image.

==============================================================================

Image Symbol Table

    Local Symbols

    Symbol Name                              Value     Ov Type        Size  Object(Section)

    ../clib/division.s                       0x00000000   Number         0  aeabi_sdivfast.o ABSOLUTE
    ../clib/division.s                       0x00000000   Number         0  aeabi_sdivfast_div0.o ABSOLUTE
    ../clib/microlib/division.c              0x00000000   Number         0  uidiv.o ABSOLUTE
    ../clib/microlib/division.c              0x00000000   Number         0  uldiv.o ABSOLUTE
    ../clib/microlib/division.c              0x00000000   Number         0  uidiv_div0.o ABSOLUTE
    ../clib/microlib/division.c              0x00000000   Number         0  idiv_div0.o ABSOLUTE
    ../clib/microlib/division.c              0x00000000   Number         0  idiv0.o ABSOLUTE
    ../clib/microlib/init/entry.s            0x00000000   Number         0  entry.o ABSOLUTE
    ../clib/microlib/init/entry.s            0x00000000   Number         0  entry2.o ABSOLUTE
    ../clib/microlib/init/entry.s            0x00000000   Number         0  entry5.o ABSOLUTE
    ../clib/microlib/init/entry.s            0x00000000   Number         0  entry7a.o ABSOLUTE
    ../clib/microlib/init/entry.s            0x00000000   Number         0  entry7b.o ABSOLUTE
    ../clib/microlib/init/entry.s            0x00000000   Number         0  entry8a.o ABSOLUTE
    ../clib/microlib/init/entry.s            0x00000000   Number         0  entry8b.o ABSOLUTE
    ../clib/microlib/init/entry.s            0x00000000   Number         0  entry9a.o ABSOLUTE
    ../clib/microlib/init/entry.s            0x00000000   Number         0  entry9b.o ABSOLUTE
    ../clib/microlib/init/entry.s            0x00000000   Number         0  entry10a.o ABSOLUTE
    ../clib/microlib/init/entry.s            0x00000000   Number         0  entry10b.o ABSOLUTE
    ../clib/microlib/init/entry.s            0x00000000   Number         0  entry11a.o ABSOLUTE
    ../clib/microlib/init/entry.s            0x00000000   Number         0  entry11b.o ABSOLUTE
    ../clib/microlib/longlong.c              0x00000000   Number         0  llshl.o ABSOLUTE
    ../clib/microlib/longlong.c              0x00000000   Number         0  llushr.o ABSOLUTE
    ../clib/microlib/longlong.c              0x00000000   Number         0  llsshr.o ABSOLUTE
    ../clib/microlib/printf/printf.c         0x00000000   Number         0  printfb.o ABSOLUTE
    ../clib/microlib/printf/printf.c         0x00000000   Number         0  printf0.o ABSOLUTE
    ../clib/microlib/printf/printf.c         0x00000000   Number         0  printf1.o ABSOLUTE
    ../clib/microlib/printf/printf.c         0x00000000   Number         0  printf2.o ABSOLUTE
    ../clib/microlib/printf/printf.c         0x00000000   Number         0  printf3.o ABSOLUTE
    ../clib/microlib/printf/printf.c         0x00000000   Number         0  printf4.o ABSOLUTE
    ../clib/microlib/printf/printf.c         0x00000000   Number         0  printf5.o ABSOLUTE
    ../clib/microlib/printf/printf.c         0x00000000   Number         0  printf6.o ABSOLUTE
    ../clib/microlib/printf/printf.c         0x00000000   Number         0  printf7.o ABSOLUTE
    ../clib/microlib/printf/printf.c         0x00000000   Number         0  printf8.o ABSOLUTE
    ../clib/microlib/printf/printf.c         0x00000000   Number         0  printfa.o ABSOLUTE
    ../clib/microlib/printf/stubs.s          0x00000000   Number         0  printfstubs.o ABSOLUTE
    ../clib/microlib/stdio/puts.c            0x00000000   Number         0  puts.o ABSOLUTE
    ../clib/microlib/stdio/puts.c            0x00000000   Number         0  puts_e.o ABSOLUTE
    ../clib/microlib/stubs.s                 0x00000000   Number         0  iusefp.o ABSOLUTE
    ../fplib/microlib/d2f.c                  0x00000000   Number         0  d2f.o ABSOLUTE
    ../fplib/microlib/f2d.c                  0x00000000   Number         0  f2d.o ABSOLUTE
    ../fplib/microlib/fpadd.c                0x00000000   Number         0  dadd.o ABSOLUTE
    ../fplib/microlib/fpdiv.c                0x00000000   Number         0  ddiv.o ABSOLUTE
    ../fplib/microlib/fpepilogue.c           0x00000000   Number         0  fepilogue.o ABSOLUTE
    ../fplib/microlib/fpepilogue.c           0x00000000   Number         0  depilogue.o ABSOLUTE
    ../fplib/microlib/fpfix.c                0x00000000   Number         0  dfixul.o ABSOLUTE
    ../fplib/microlib/fpflt.c                0x00000000   Number         0  fflti.o ABSOLUTE
    ../fplib/microlib/fpmul.c                0x00000000   Number         0  dmul.o ABSOLUTE
    ..\..\..\Library\Device\Nuvoton\M251\Source\ARM\startup_M251.s 0x00000000   Number         0  startup_m251.o ABSOLUTE
    NADC_Driver.c                            0x00000000   Number         0  nadc_driver.o ABSOLUTE
    cdrcmple.s                               0x00000000   Number         0  cdrcmple.o ABSOLUTE
    clk.c                                    0x00000000   Number         0  clk.o ABSOLUTE
    fmc.c                                    0x00000000   Number         0  fmc.o ABSOLUTE
    gpio.c                                   0x00000000   Number         0  gpio.o ABSOLUTE
    handlers.s                               0x00000000   Number         0  handlers.o ABSOLUTE
    i2c.c                                    0x00000000   Number         0  i2c.o ABSOLUTE
    init.s                                   0x00000000   Number         0  init.o ABSOLUTE
    main.c                                   0x00000000   Number         0  main.o ABSOLUTE
    retarget.c                               0x00000000   Number         0  retarget.o ABSOLUTE
    spi.c                                    0x00000000   Number         0  spi.o ABSOLUTE
    sys.c                                    0x00000000   Number         0  sys.o ABSOLUTE
    system_M251.c                            0x00000000   Number         0  system_m251.o ABSOLUTE
    timer.c                                  0x00000000   Number         0  timer.o ABSOLUTE
    uart.c                                   0x00000000   Number         0  uart.o ABSOLUTE
    RESET                                    0x00000000   Section      320  startup_m251.o(RESET)
    .ARM.Collect$$$$00000000                 0x00000140   Section        0  entry.o(.ARM.Collect$$$$00000000)
    .ARM.Collect$$$$00000001                 0x00000140   Section        4  entry2.o(.ARM.Collect$$$$00000001)
    .ARM.Collect$$$$00000004                 0x00000144   Section        4  entry5.o(.ARM.Collect$$$$00000004)
    .ARM.Collect$$$$00000008                 0x00000148   Section        0  entry7b.o(.ARM.Collect$$$$00000008)
    .ARM.Collect$$$$0000000A                 0x00000148   Section        0  entry8b.o(.ARM.Collect$$$$0000000A)
    .ARM.Collect$$$$0000000B                 0x00000148   Section        8  entry9a.o(.ARM.Collect$$$$0000000B)
    __lit__00000000                          0x00000150   Data           4  entry2.o(.ARM.Collect$$$$00002712)
    .ARM.Collect$$$$0000000D                 0x00000150   Section        0  entry10a.o(.ARM.Collect$$$$0000000D)
    .ARM.Collect$$$$0000000F                 0x00000150   Section        0  entry11a.o(.ARM.Collect$$$$0000000F)
    .ARM.Collect$$$$00002712                 0x00000150   Section        4  entry2.o(.ARM.Collect$$$$00002712)
    .text                                    0x00000154   Section      132  startup_m251.o(.text)
    .text                                    0x000001d8   Section        0  dmul.o(.text)
    .text                                    0x000002a8   Section        0  fflti.o(.text)
    .text                                    0x000002be   Section        0  f2d.o(.text)
    .text                                    0x000002e6   Section        0  d2f.o(.text)
    .text                                    0x0000031e   Section        0  uldiv.o(.text)
    .text                                    0x0000037e   Section        0  iusefp.o(.text)
    .text                                    0x0000037e   Section        0  fepilogue.o(.text)
    .text                                    0x00000400   Section        0  depilogue.o(.text)
    .text                                    0x000004c0   Section        0  dadd.o(.text)
    .text                                    0x00000624   Section        0  ddiv.o(.text)
    .text                                    0x00000714   Section        0  dfixul.o(.text)
    .text                                    0x00000754   Section       40  cdrcmple.o(.text)
    .text                                    0x0000077c   Section       48  init.o(.text)
    .text                                    0x000007ac   Section        0  uidiv_div0.o(.text)
    .text                                    0x000007ea   Section        0  llshl.o(.text)
    .text                                    0x0000080a   Section        0  llushr.o(.text)
    .text                                    0x0000082c   Section        0  llsshr.o(.text)
    [Anonymous Symbol]                       0x00000854   Section        0  clk.o(.text.CLK_EnableModuleClock)
    __arm_cp.20_0                            0x00000870   Number         4  clk.o(.text.CLK_EnableModuleClock)
    __arm_cp.20_1                            0x00000874   Number         4  clk.o(.text.CLK_EnableModuleClock)
    [Anonymous Symbol]                       0x00000878   Section        0  clk.o(.text.CLK_EnableXtalRC)
    [Anonymous Symbol]                       0x00000884   Section        0  clk.o(.text.CLK_GetHCLKFreq)
    [Anonymous Symbol]                       0x00000890   Section        0  clk.o(.text.CLK_GetPCLK0Freq)
    [Anonymous Symbol]                       0x000008f8   Section        0  clk.o(.text.CLK_GetPCLK1Freq)
    __arm_cp.7_0                             0x00000960   Number         4  clk.o(.text.CLK_GetPCLK1Freq)
    [Anonymous Symbol]                       0x00000964   Section        0  clk.o(.text.CLK_GetPLLClockFreq)
    __arm_cp.10_0                            0x000009ac   Number         4  clk.o(.text.CLK_GetPLLClockFreq)
    __arm_cp.10_1                            0x000009b0   Number         4  clk.o(.text.CLK_GetPLLClockFreq)
    __arm_cp.10_2                            0x000009b4   Number         4  clk.o(.text.CLK_GetPLLClockFreq)
    __arm_cp.10_3                            0x000009b8   Number         4  clk.o(.text.CLK_GetPLLClockFreq)
    [Anonymous Symbol]                       0x000009bc   Section        0  clk.o(.text.CLK_SetHCLK)
    __arm_cp.14_0                            0x00000a14   Number         4  clk.o(.text.CLK_SetHCLK)
    [Anonymous Symbol]                       0x00000a18   Section        0  clk.o(.text.CLK_SetModuleClock)
    __arm_cp.16_0                            0x00000a5c   Number         4  clk.o(.text.CLK_SetModuleClock)
    __arm_cp.16_2                            0x00000a70   Number         4  clk.o(.text.CLK_SetModuleClock)
    [Anonymous Symbol]                       0x00000a74   Section        0  clk.o(.text.CLK_WaitClockReady)
    __arm_cp.13_0                            0x00000a9c   Number         4  clk.o(.text.CLK_WaitClockReady)
    __arm_cp.13_1                            0x00000aa0   Number         4  clk.o(.text.CLK_WaitClockReady)
    __arm_cp.13_2                            0x00000aa4   Number         4  clk.o(.text.CLK_WaitClockReady)
    [Anonymous Symbol]                       0x00000aa8   Section        0  main.o(.text.GPA_IRQHandler)
    __arm_cp.2_0                             0x00000b0c   Number         4  main.o(.text.GPA_IRQHandler)
    __arm_cp.2_1                             0x00000b10   Number         4  main.o(.text.GPA_IRQHandler)
    __arm_cp.2_3                             0x00000b20   Number         4  main.o(.text.GPA_IRQHandler)
    __arm_cp.2_4                             0x00000b24   Number         4  main.o(.text.GPA_IRQHandler)
    [Anonymous Symbol]                       0x00000b38   Section        0  gpio.o(.text.GPIO_EnableInt)
    [Anonymous Symbol]                       0x00000b54   Section        0  gpio.o(.text.GPIO_SetMode)
    [Anonymous Symbol]                       0x00000b88   Section        0  retarget.o(.text.GetChar)
    __arm_cp.4_0                             0x00000b98   Number         4  retarget.o(.text.GetChar)
    [Anonymous Symbol]                       0x00000b9c   Section        0  nadc_driver.o(.text.NADC24B_Cali_and_Initial)
    __arm_cp.8_5                             0x00000bbc   Number         4  nadc_driver.o(.text.NADC24B_Cali_and_Initial)
    __arm_cp.8_1                             0x000013e0   Number         4  nadc_driver.o(.text.NADC24B_Cali_and_Initial)
    __arm_cp.8_2                             0x000013e4   Number         4  nadc_driver.o(.text.NADC24B_Cali_and_Initial)
    __arm_cp.8_3                             0x000013e8   Number         4  nadc_driver.o(.text.NADC24B_Cali_and_Initial)
    __arm_cp.8_4                             0x000013ec   Number         4  nadc_driver.o(.text.NADC24B_Cali_and_Initial)
    [Anonymous Symbol]                       0x000013f0   Section        0  retarget.o(.text.ProcessHardFault)
    __arm_cp.1_0                             0x00001418   Number         4  retarget.o(.text.ProcessHardFault)
    __arm_cp.1_2                             0x0000142c   Number         4  retarget.o(.text.ProcessHardFault)
    [Anonymous Symbol]                       0x00001430   Section        0  nadc_driver.o(.text.Reset_NADC24B)
    __arm_cp.5_0                             0x0000165c   Number         4  nadc_driver.o(.text.Reset_NADC24B)
    __arm_cp.5_2                             0x00001674   Number         4  nadc_driver.o(.text.Reset_NADC24B)
    __arm_cp.5_3                             0x00001678   Number         4  nadc_driver.o(.text.Reset_NADC24B)
    [Anonymous Symbol]                       0x0000167c   Section        0  retarget.o(.text.SH_Return)
    [Anonymous Symbol]                       0x00001680   Section        0  spi.o(.text.SPI_Open)
    __arm_cp.0_0                             0x000017dc   Number         4  spi.o(.text.SPI_Open)
    __arm_cp.0_1                             0x000017e0   Number         4  spi.o(.text.SPI_Open)
    __arm_cp.0_2                             0x000017e4   Number         4  spi.o(.text.SPI_Open)
    __arm_cp.0_3                             0x000017e8   Number         4  spi.o(.text.SPI_Open)
    __arm_cp.0_4                             0x000017ec   Number         4  spi.o(.text.SPI_Open)
    __arm_cp.0_5                             0x000017f0   Number         4  spi.o(.text.SPI_Open)
    __arm_cp.0_6                             0x000017f4   Number         4  spi.o(.text.SPI_Open)
    [Anonymous Symbol]                       0x000017f8   Section        0  nadc_driver.o(.text.SPI_SetChannel_and_ReadADCData)
    __arm_cp.12_1                            0x00001890   Number         4  nadc_driver.o(.text.SPI_SetChannel_and_ReadADCData)
    [Anonymous Symbol]                       0x00001894   Section        0  nadc_driver.o(.text.SPI_WriteReg_Bank1_Until_Success)
    __arm_cp.2_0                             0x0000195c   Number         4  nadc_driver.o(.text.SPI_WriteReg_Bank1_Until_Success)
    [Anonymous Symbol]                       0x00001960   Section        0  main.o(.text.SYS_Init)
    __arm_cp.0_0                             0x000019fc   Number         4  main.o(.text.SYS_Init)
    __arm_cp.0_1                             0x00001a00   Number         4  main.o(.text.SYS_Init)
    __arm_cp.0_2                             0x00001a04   Number         4  main.o(.text.SYS_Init)
    __arm_cp.0_3                             0x00001a08   Number         4  main.o(.text.SYS_Init)
    __arm_cp.0_4                             0x00001a0c   Number         4  main.o(.text.SYS_Init)
    __arm_cp.0_5                             0x00001a10   Number         4  main.o(.text.SYS_Init)
    __arm_cp.0_6                             0x00001a14   Number         4  main.o(.text.SYS_Init)
    [Anonymous Symbol]                       0x00001a18   Section        0  retarget.o(.text.SendChar)
    [Anonymous Symbol]                       0x00001a38   Section        0  retarget.o(.text.SendChar_ToUART)
    [Anonymous Symbol]                       0x00001a58   Section        0  system_m251.o(.text.SystemCoreClockUpdate)
    __arm_cp.0_0                             0x00001a94   Number         4  system_m251.o(.text.SystemCoreClockUpdate)
    __arm_cp.0_1                             0x00001a98   Number         4  system_m251.o(.text.SystemCoreClockUpdate)
    __arm_cp.0_2                             0x00001a9c   Number         4  system_m251.o(.text.SystemCoreClockUpdate)
    __arm_cp.0_4                             0x00001aa0   Number         4  system_m251.o(.text.SystemCoreClockUpdate)
    __arm_cp.0_5                             0x00001aa4   Number         4  system_m251.o(.text.SystemCoreClockUpdate)
    __arm_cp.0_6                             0x00001aa8   Number         4  system_m251.o(.text.SystemCoreClockUpdate)
    [Anonymous Symbol]                       0x00001aac   Section        0  system_m251.o(.text.SystemInit)
    __arm_cp.1_0                             0x00001ac4   Number         4  system_m251.o(.text.SystemInit)
    __arm_cp.1_1                             0x00001ac8   Number         4  system_m251.o(.text.SystemInit)
    __arm_cp.1_2                             0x00001acc   Number         4  system_m251.o(.text.SystemInit)
    [Anonymous Symbol]                       0x00001ad0   Section        0  uart.o(.text.UART_Open)
    __arm_cp.6_0                             0x00001bb4   Number         4  uart.o(.text.UART_Open)
    __arm_cp.6_2                             0x00001bb8   Number         4  uart.o(.text.UART_Open)
    __arm_cp.6_3                             0x00001bbc   Number         4  uart.o(.text.UART_Open)
    __arm_cp.6_4                             0x00001bc0   Number         4  uart.o(.text.UART_Open)
    __arm_cp.6_5                             0x00001bc4   Number         4  uart.o(.text.UART_Open)
    __arm_cp.6_6                             0x00001bc8   Number         4  uart.o(.text.UART_Open)
    [Anonymous Symbol]                       0x00001bcc   Section        0  retarget.o(.text.fputc)
    [Anonymous Symbol]                       0x00001bd8   Section        0  main.o(.text.main)
    __arm_cp.3_0                             0x00001c3c   Number         4  main.o(.text.main)
    __arm_cp.3_1                             0x00001c40   Number         4  main.o(.text.main)
    __arm_cp.3_2                             0x00001c44   Number         4  main.o(.text.main)
    __arm_cp.3_3                             0x00001c48   Number         4  main.o(.text.main)
    __arm_cp.3_4                             0x00001c4c   Number         4  main.o(.text.main)
    __arm_cp.3_5                             0x00001c50   Number         4  main.o(.text.main)
    __arm_cp.3_7                             0x00001c74   Number         4  main.o(.text.main)
    i.__0printf                              0x00001c88   Section        0  printfa.o(i.__0printf)
    i.__ARM_clz                              0x00001ca8   Section        0  depilogue.o(i.__ARM_clz)
    i.__scatterload_copy                     0x00001cd6   Section       14  handlers.o(i.__scatterload_copy)
    i.__scatterload_null                     0x00001ce4   Section        2  handlers.o(i.__scatterload_null)
    i.__scatterload_zeroinit                 0x00001ce6   Section       14  handlers.o(i.__scatterload_zeroinit)
    _fp_digits                               0x00001cf5   Thumb Code   344  printfa.o(i._fp_digits)
    i._fp_digits                             0x00001cf4   Section        0  printfa.o(i._fp_digits)
    _printf_core                             0x00001e69   Thumb Code  1754  printfa.o(i._printf_core)
    i._printf_core                           0x00001e68   Section        0  printfa.o(i._printf_core)
    _printf_post_padding                     0x00002555   Thumb Code    32  printfa.o(i._printf_post_padding)
    i._printf_post_padding                   0x00002554   Section        0  printfa.o(i._printf_post_padding)
    _printf_pre_padding                      0x00002575   Thumb Code    44  printfa.o(i._printf_pre_padding)
    i._printf_pre_padding                    0x00002574   Section        0  printfa.o(i._printf_pre_padding)
    i.puts                                   0x000025a0   Section        0  puts.o(i.puts)
    [Anonymous Symbol]                       0x000025c0   Section        0  clk.o(.rodata..L__const.CLK_DisableModuleClock.au32ClkTbl)
    [Anonymous Symbol]                       0x000025cc   Section        0  uart.o(.rodata..L__const.UART_SelectIrDAMode.au32ClkTbl)
    [Anonymous Symbol]                       0x000025e4   Section        0  clk.o(.rodata.cst16)
    [Anonymous Symbol]                       0x000025f4   Section        0  clk.o(.rodata.cst4)
    g_ICE_Conneced                           0x2000000c   Data           4  retarget.o(.data.g_ICE_Conneced)
    [Anonymous Symbol]                       0x2000000c   Section        0  retarget.o(.data.g_ICE_Conneced)
    s32AdcData                               0x20000068   Data           4  main.o(.bss.s32AdcData)
    [Anonymous Symbol]                       0x20000068   Section        0  main.o(.bss.s32AdcData)
    STACK                                    0x20000070   Section     2048  startup_m251.o(STACK)

    Global Symbols

    Symbol Name                              Value     Ov Type        Size  Object(Section)

    BuildAttributes$$THM_ISAv3M$S$8M$PE$A:L22$X:L11$S22$IEEE1$IW$~IW$USESV6$~STKCKD$USESV7$WCHAR32$ENUMINT$~SHL$OTIME$ROPI$EBA8$MICROLIB$REQ8$PRES8$EABIv2 0x00000000   Number         0  anon$$obj.o ABSOLUTE
    __Vectors                                0x00000000   Data           4  startup_m251.o(RESET)
    _printf_a                                0x00000000   Number         0  printfstubs.o ABSOLUTE
    _printf_c                                0x00000000   Number         0  printfstubs.o ABSOLUTE
    _printf_charcount                        0x00000000   Number         0  printfstubs.o ABSOLUTE
    _printf_d                                0x00000000   Number         0  printfstubs.o ABSOLUTE
    _printf_e                                0x00000000   Number         0  printfstubs.o ABSOLUTE
    _printf_f                                0x00000000   Number         0  printfstubs.o ABSOLUTE
    _printf_flags                            0x00000000   Number         0  printfstubs.o ABSOLUTE
    _printf_fp_dec                           0x00000000   Number         0  printfstubs.o ABSOLUTE
    _printf_fp_hex                           0x00000000   Number         0  printfstubs.o ABSOLUTE
    _printf_g                                0x00000000   Number         0  printfstubs.o ABSOLUTE
    _printf_i                                0x00000000   Number         0  printfstubs.o ABSOLUTE
    _printf_int_dec                          0x00000000   Number         0  printfstubs.o ABSOLUTE
    _printf_l                                0x00000000   Number         0  printfstubs.o ABSOLUTE
    _printf_lc                               0x00000000   Number         0  printfstubs.o ABSOLUTE
    _printf_ll                               0x00000000   Number         0  printfstubs.o ABSOLUTE
    _printf_lld                              0x00000000   Number         0  printfstubs.o ABSOLUTE
    _printf_lli                              0x00000000   Number         0  printfstubs.o ABSOLUTE
    _printf_llo                              0x00000000   Number         0  printfstubs.o ABSOLUTE
    _printf_llu                              0x00000000   Number         0  printfstubs.o ABSOLUTE
    _printf_llx                              0x00000000   Number         0  printfstubs.o ABSOLUTE
    _printf_longlong_dec                     0x00000000   Number         0  printfstubs.o ABSOLUTE
    _printf_longlong_hex                     0x00000000   Number         0  printfstubs.o ABSOLUTE
    _printf_longlong_oct                     0x00000000   Number         0  printfstubs.o ABSOLUTE
    _printf_ls                               0x00000000   Number         0  printfstubs.o ABSOLUTE
    _printf_mbtowc                           0x00000000   Number         0  printfstubs.o ABSOLUTE
    _printf_n                                0x00000000   Number         0  printfstubs.o ABSOLUTE
    _printf_o                                0x00000000   Number         0  printfstubs.o ABSOLUTE
    _printf_p                                0x00000000   Number         0  printfstubs.o ABSOLUTE
    _printf_percent                          0x00000000   Number         0  printfstubs.o ABSOLUTE
    _printf_pre_padding                      0x00000000   Number         0  printfstubs.o ABSOLUTE
    _printf_return_value                     0x00000000   Number         0  printfstubs.o ABSOLUTE
    _printf_s                                0x00000000   Number         0  printfstubs.o ABSOLUTE
    _printf_sizespec                         0x00000000   Number         0  printfstubs.o ABSOLUTE
    _printf_str                              0x00000000   Number         0  printfstubs.o ABSOLUTE
    _printf_truncate_signed                  0x00000000   Number         0  printfstubs.o ABSOLUTE
    _printf_truncate_unsigned                0x00000000   Number         0  printfstubs.o ABSOLUTE
    _printf_u                                0x00000000   Number         0  printfstubs.o ABSOLUTE
    _printf_wc                               0x00000000   Number         0  printfstubs.o ABSOLUTE
    _printf_wctomb                           0x00000000   Number         0  printfstubs.o ABSOLUTE
    _printf_widthprec                        0x00000000   Number         0  printfstubs.o ABSOLUTE
    _printf_x                                0x00000000   Number         0  printfstubs.o ABSOLUTE
    __cpp_initialize__aeabi_                  - Undefined Weak Reference
    __cxa_finalize                            - Undefined Weak Reference
    __decompress                              - Undefined Weak Reference
    _clock_init                               - Undefined Weak Reference
    _microlib_exit                            - Undefined Weak Reference
    __Vectors_End                            0x00000140   Data           0  startup_m251.o(RESET)
    __Vectors_Size                           0x00000140   Number         0  startup_m251.o ABSOLUTE
    __main                                   0x00000141   Thumb Code     0  entry.o(.ARM.Collect$$$$00000000)
    _main_stk                                0x00000141   Thumb Code     0  entry2.o(.ARM.Collect$$$$00000001)
    _main_scatterload                        0x00000145   Thumb Code     0  entry5.o(.ARM.Collect$$$$00000004)
    __main_after_scatterload                 0x00000149   Thumb Code     0  entry5.o(.ARM.Collect$$$$00000004)
    _main_clock                              0x00000149   Thumb Code     0  entry7b.o(.ARM.Collect$$$$00000008)
    _main_cpp_init                           0x00000149   Thumb Code     0  entry8b.o(.ARM.Collect$$$$0000000A)
    _main_init                               0x00000149   Thumb Code     0  entry9a.o(.ARM.Collect$$$$0000000B)
    __rt_final_cpp                           0x00000151   Thumb Code     0  entry10a.o(.ARM.Collect$$$$0000000D)
    __rt_final_exit                          0x00000151   Thumb Code     0  entry11a.o(.ARM.Collect$$$$0000000F)
    Reset_Handler                            0x00000155   Thumb Code    56  startup_m251.o(.text)
    NMI_Handler                              0x0000018d   Thumb Code     2  startup_m251.o(.text)
    HardFault_Handler                        0x0000018f   Thumb Code    16  startup_m251.o(.text)
    SVC_Handler                              0x0000019f   Thumb Code     2  startup_m251.o(.text)
    PendSV_Handler                           0x000001a1   Thumb Code     2  startup_m251.o(.text)
    SysTick_Handler                          0x000001a3   Thumb Code     2  startup_m251.o(.text)
    ACMP01_IRQHandler                        0x000001a5   Thumb Code     0  startup_m251.o(.text)
    BOD_IRQHandler                           0x000001a5   Thumb Code     0  startup_m251.o(.text)
    BPWM0_IRQHandler                         0x000001a5   Thumb Code     0  startup_m251.o(.text)
    BPWM1_IRQHandler                         0x000001a5   Thumb Code     0  startup_m251.o(.text)
    BRAKE0_IRQHandler                        0x000001a5   Thumb Code     0  startup_m251.o(.text)
    BRAKE1_IRQHandler                        0x000001a5   Thumb Code     0  startup_m251.o(.text)
    CLKFAIL_IRQHandler                       0x000001a5   Thumb Code     0  startup_m251.o(.text)
    CRPT_IRQHandler                          0x000001a5   Thumb Code     0  startup_m251.o(.text)
    DAC_IRQHandler                           0x000001a5   Thumb Code     0  startup_m251.o(.text)
    DEFAULT_IRQHandler                       0x000001a5   Thumb Code     0  startup_m251.o(.text)
    EADC_INT0_IRQHandler                     0x000001a5   Thumb Code     0  startup_m251.o(.text)
    EADC_INT1_IRQHandler                     0x000001a5   Thumb Code     0  startup_m251.o(.text)
    EADC_INT2_IRQHandler                     0x000001a5   Thumb Code     0  startup_m251.o(.text)
    EADC_INT3_IRQHandler                     0x000001a5   Thumb Code     0  startup_m251.o(.text)
    EINT0_IRQHandler                         0x000001a5   Thumb Code     0  startup_m251.o(.text)
    EINT1_IRQHandler                         0x000001a5   Thumb Code     0  startup_m251.o(.text)
    EINT2_IRQHandler                         0x000001a5   Thumb Code     0  startup_m251.o(.text)
    EINT3_IRQHandler                         0x000001a5   Thumb Code     0  startup_m251.o(.text)
    EINT4_IRQHandler                         0x000001a5   Thumb Code     0  startup_m251.o(.text)
    EINT5_IRQHandler                         0x000001a5   Thumb Code     0  startup_m251.o(.text)
    GPB_IRQHandler                           0x000001a5   Thumb Code     0  startup_m251.o(.text)
    GPC_IRQHandler                           0x000001a5   Thumb Code     0  startup_m251.o(.text)
    GPD_IRQHandler                           0x000001a5   Thumb Code     0  startup_m251.o(.text)
    GPE_IRQHandler                           0x000001a5   Thumb Code     0  startup_m251.o(.text)
    GPF_IRQHandler                           0x000001a5   Thumb Code     0  startup_m251.o(.text)
    I2C0_IRQHandler                          0x000001a5   Thumb Code     0  startup_m251.o(.text)
    I2C1_IRQHandler                          0x000001a5   Thumb Code     0  startup_m251.o(.text)
    IRCTRIM_IRQHandler                       0x000001a5   Thumb Code     0  startup_m251.o(.text)
    LCD_IRQHandler                           0x000001a5   Thumb Code     0  startup_m251.o(.text)
    OPA_IRQHandler                           0x000001a5   Thumb Code     0  startup_m251.o(.text)
    PDMA_IRQHandler                          0x000001a5   Thumb Code     0  startup_m251.o(.text)
    PSIO_IRQHandler                          0x000001a5   Thumb Code     0  startup_m251.o(.text)
    PWM0_P0_IRQHandler                       0x000001a5   Thumb Code     0  startup_m251.o(.text)
    PWM0_P1_IRQHandler                       0x000001a5   Thumb Code     0  startup_m251.o(.text)
    PWM0_P2_IRQHandler                       0x000001a5   Thumb Code     0  startup_m251.o(.text)
    PWM1_P0_IRQHandler                       0x000001a5   Thumb Code     0  startup_m251.o(.text)
    PWM1_P1_IRQHandler                       0x000001a5   Thumb Code     0  startup_m251.o(.text)
    PWM1_P2_IRQHandler                       0x000001a5   Thumb Code     0  startup_m251.o(.text)
    PWRWU_IRQHandler                         0x000001a5   Thumb Code     0  startup_m251.o(.text)
    QSPI0_IRQHandler                         0x000001a5   Thumb Code     0  startup_m251.o(.text)
    RTC_IRQHandler                           0x000001a5   Thumb Code     0  startup_m251.o(.text)
    SC0_IRQHandler                           0x000001a5   Thumb Code     0  startup_m251.o(.text)
    SPI0_IRQHandler                          0x000001a5   Thumb Code     0  startup_m251.o(.text)
    SPI1_IRQHandler                          0x000001a5   Thumb Code     0  startup_m251.o(.text)
    TAMPER_IRQHandler                        0x000001a5   Thumb Code     0  startup_m251.o(.text)
    TK_IRQHandler                            0x000001a5   Thumb Code     0  startup_m251.o(.text)
    TMR0_IRQHandler                          0x000001a5   Thumb Code     0  startup_m251.o(.text)
    TMR1_IRQHandler                          0x000001a5   Thumb Code     0  startup_m251.o(.text)
    TMR2_IRQHandler                          0x000001a5   Thumb Code     0  startup_m251.o(.text)
    TMR3_IRQHandler                          0x000001a5   Thumb Code     0  startup_m251.o(.text)
    UART0_IRQHandler                         0x000001a5   Thumb Code     0  startup_m251.o(.text)
    UART1_IRQHandler                         0x000001a5   Thumb Code     0  startup_m251.o(.text)
    UART2_IRQHandler                         0x000001a5   Thumb Code     0  startup_m251.o(.text)
    UART3_IRQHandler                         0x000001a5   Thumb Code     0  startup_m251.o(.text)
    USBD_IRQHandler                          0x000001a5   Thumb Code     0  startup_m251.o(.text)
    USCI0_IRQHandler                         0x000001a5   Thumb Code     0  startup_m251.o(.text)
    USCI1_IRQHandler                         0x000001a5   Thumb Code     0  startup_m251.o(.text)
    USCI2_IRQHandler                         0x000001a5   Thumb Code     0  startup_m251.o(.text)
    WDT_IRQHandler                           0x000001a5   Thumb Code     0  startup_m251.o(.text)
    WWDT_IRQHandler                          0x000001a5   Thumb Code     0  startup_m251.o(.text)
    SH_DoCommand                             0x000001a9   Thumb Code    10  startup_m251.o(.text)
    __PC                                     0x000001b3   Thumb Code     6  startup_m251.o(.text)
    __aeabi_dmul                             0x000001d9   Thumb Code   202  dmul.o(.text)
    __aeabi_i2f                              0x000002a9   Thumb Code    22  fflti.o(.text)
    __aeabi_f2d                              0x000002bf   Thumb Code    40  f2d.o(.text)
    __aeabi_d2f                              0x000002e7   Thumb Code    56  d2f.o(.text)
    __aeabi_uldivmod                         0x0000031f   Thumb Code    96  uldiv.o(.text)
    __I$use$fp                               0x0000037f   Thumb Code     0  iusefp.o(.text)
    _float_round                             0x0000037f   Thumb Code    16  fepilogue.o(.text)
    _float_epilogue                          0x0000038f   Thumb Code   114  fepilogue.o(.text)
    _double_round                            0x00000401   Thumb Code    26  depilogue.o(.text)
    _double_epilogue                         0x0000041b   Thumb Code   164  depilogue.o(.text)
    __aeabi_dadd                             0x000004c1   Thumb Code   328  dadd.o(.text)
    __aeabi_dsub                             0x00000609   Thumb Code    12  dadd.o(.text)
    __aeabi_drsub                            0x00000615   Thumb Code    12  dadd.o(.text)
    __aeabi_ddiv                             0x00000625   Thumb Code   234  ddiv.o(.text)
    __aeabi_d2ulz                            0x00000715   Thumb Code    54  dfixul.o(.text)
    __aeabi_cdrcmple                         0x00000755   Thumb Code    38  cdrcmple.o(.text)
    __scatterload                            0x0000077d   Thumb Code    38  init.o(.text)
    __scatterload_rt2                        0x0000077d   Thumb Code     0  init.o(.text)
    __aeabi_uidiv$div0                       0x000007ad   Thumb Code     0  uidiv_div0.o(.text)
    __aeabi_uidivmod                         0x000007ad   Thumb Code    62  uidiv_div0.o(.text)
    __aeabi_llsl                             0x000007eb   Thumb Code    32  llshl.o(.text)
    _ll_shift_l                              0x000007eb   Thumb Code     0  llshl.o(.text)
    __aeabi_llsr                             0x0000080b   Thumb Code    34  llushr.o(.text)
    _ll_ushift_r                             0x0000080b   Thumb Code     0  llushr.o(.text)
    __aeabi_lasr                             0x0000082d   Thumb Code    38  llsshr.o(.text)
    _ll_sshift_r                             0x0000082d   Thumb Code     0  llsshr.o(.text)
    CLK_EnableModuleClock                    0x00000855   Thumb Code    28  clk.o(.text.CLK_EnableModuleClock)
    CLK_EnableXtalRC                         0x00000879   Thumb Code    12  clk.o(.text.CLK_EnableXtalRC)
    CLK_GetHCLKFreq                          0x00000885   Thumb Code    12  clk.o(.text.CLK_GetHCLKFreq)
    CLK_GetPCLK0Freq                         0x00000891   Thumb Code   104  clk.o(.text.CLK_GetPCLK0Freq)
    CLK_GetPCLK1Freq                         0x000008f9   Thumb Code   104  clk.o(.text.CLK_GetPCLK1Freq)
    CLK_GetPLLClockFreq                      0x00000965   Thumb Code    72  clk.o(.text.CLK_GetPLLClockFreq)
    CLK_SetHCLK                              0x000009bd   Thumb Code    88  clk.o(.text.CLK_SetHCLK)
    CLK_SetModuleClock                       0x00000a19   Thumb Code    68  clk.o(.text.CLK_SetModuleClock)
    CLK_WaitClockReady                       0x00000a75   Thumb Code    40  clk.o(.text.CLK_WaitClockReady)
    GPA_IRQHandler                           0x00000aa9   Thumb Code   100  main.o(.text.GPA_IRQHandler)
    GPIO_EnableInt                           0x00000b39   Thumb Code    28  gpio.o(.text.GPIO_EnableInt)
    GPIO_SetMode                             0x00000b55   Thumb Code    52  gpio.o(.text.GPIO_SetMode)
    GetChar                                  0x00000b89   Thumb Code    16  retarget.o(.text.GetChar)
    NADC24B_Cali_and_Initial                 0x00000b9d   Thumb Code  2116  nadc_driver.o(.text.NADC24B_Cali_and_Initial)
    ProcessHardFault                         0x000013f1   Thumb Code    40  retarget.o(.text.ProcessHardFault)
    Reset_NADC24B                            0x00001431   Thumb Code   556  nadc_driver.o(.text.Reset_NADC24B)
    SH_Return                                0x0000167d   Thumb Code     4  retarget.o(.text.SH_Return)
    SPI_Open                                 0x00001681   Thumb Code   348  spi.o(.text.SPI_Open)
    SPI_SetChannel_and_ReadADCData           0x000017f9   Thumb Code   152  nadc_driver.o(.text.SPI_SetChannel_and_ReadADCData)
    SPI_WriteReg_Bank1_Until_Success         0x00001895   Thumb Code   200  nadc_driver.o(.text.SPI_WriteReg_Bank1_Until_Success)
    SYS_Init                                 0x00001961   Thumb Code   156  main.o(.text.SYS_Init)
    SendChar                                 0x00001a19   Thumb Code    32  retarget.o(.text.SendChar)
    SendChar_ToUART                          0x00001a39   Thumb Code    32  retarget.o(.text.SendChar_ToUART)
    SystemCoreClockUpdate                    0x00001a59   Thumb Code    60  system_m251.o(.text.SystemCoreClockUpdate)
    SystemInit                               0x00001aad   Thumb Code    24  system_m251.o(.text.SystemInit)
    UART_Open                                0x00001ad1   Thumb Code   228  uart.o(.text.UART_Open)
    fputc                                    0x00001bcd   Thumb Code    12  retarget.o(.text.fputc)
    main                                     0x00001bd9   Thumb Code   100  main.o(.text.main)
    __0printf                                0x00001c89   Thumb Code    24  printfa.o(i.__0printf)
    __1printf                                0x00001c89   Thumb Code     0  printfa.o(i.__0printf)
    __2printf                                0x00001c89   Thumb Code     0  printfa.o(i.__0printf)
    __c89printf                              0x00001c89   Thumb Code     0  printfa.o(i.__0printf)
    printf                                   0x00001c89   Thumb Code     0  printfa.o(i.__0printf)
    __ARM_clz                                0x00001ca9   Thumb Code    46  depilogue.o(i.__ARM_clz)
    __scatterload_copy                       0x00001cd7   Thumb Code    14  handlers.o(i.__scatterload_copy)
    __scatterload_null                       0x00001ce5   Thumb Code     2  handlers.o(i.__scatterload_null)
    __scatterload_zeroinit                   0x00001ce7   Thumb Code    14  handlers.o(i.__scatterload_zeroinit)
    puts                                     0x000025a1   Thumb Code    28  puts.o(i.puts)
    gau32ClkSrcTbl                           0x000025f8   Data          32  system_m251.o(.rodata.gau32ClkSrcTbl)
    Region$$Table$$Base                      0x00002618   Number         0  anon$$obj.o(Region$$Table)
    Region$$Table$$Limit                     0x00002638   Number         0  anon$$obj.o(Region$$Table)
    CyclesPerUs                              0x20000000   Data           4  system_m251.o(.data.CyclesPerUs)
    PllClock                                 0x20000004   Data           4  system_m251.o(.data.PllClock)
    SystemCoreClock                          0x20000008   Data           4  system_m251.o(.data.SystemCoreClock)
    __stdout                                 0x20000010   Data          84  retarget.o(.bss.__stdout)
    g_CLK_i32ErrCode                         0x20000064   Data           4  clk.o(.bss.g_CLK_i32ErrCode)
    __initial_sp                             0x20000870   Data           0  startup_m251.o(STACK)



==============================================================================

Memory Map of the image

  Image Entry point : 0x00000155

  Load Region LR_1 (Base: 0x00000000, Size: 0x00002648, Max: 0xffffffff, ABSOLUTE)

    Execution Region ER_RO (Exec base: 0x00000000, Load base: 0x00000000, Size: 0x00002638, Max: 0xffffffff, ABSOLUTE)

    Exec Addr    Load Addr    Size         Type   Attr      Idx    E Section Name        Object

    0x00000000   0x00000000   0x00000140   Data   RO           21    RESET               startup_m251.o
    0x00000140   0x00000140   0x00000000   Code   RO          500  * .ARM.Collect$$$$00000000  mc_p.l(entry.o)
    0x00000140   0x00000140   0x00000004   Code   RO          774    .ARM.Collect$$$$00000001  mc_p.l(entry2.o)
    0x00000144   0x00000144   0x00000004   Code   RO          777    .ARM.Collect$$$$00000004  mc_p.l(entry5.o)
    0x00000148   0x00000148   0x00000000   Code   RO          779    .ARM.Collect$$$$00000008  mc_p.l(entry7b.o)
    0x00000148   0x00000148   0x00000000   Code   RO          781    .ARM.Collect$$$$0000000A  mc_p.l(entry8b.o)
    0x00000148   0x00000148   0x00000008   Code   RO          782    .ARM.Collect$$$$0000000B  mc_p.l(entry9a.o)
    0x00000150   0x00000150   0x00000000   Code   RO          784    .ARM.Collect$$$$0000000D  mc_p.l(entry10a.o)
    0x00000150   0x00000150   0x00000000   Code   RO          786    .ARM.Collect$$$$0000000F  mc_p.l(entry11a.o)
    0x00000150   0x00000150   0x00000004   Code   RO          775    .ARM.Collect$$$$00002712  mc_p.l(entry2.o)
    0x00000154   0x00000154   0x00000084   Code   RO           22  * .text               startup_m251.o
    0x000001d8   0x000001d8   0x000000d0   Code   RO          766    .text               mf_p.l(dmul.o)
    0x000002a8   0x000002a8   0x00000016   Code   RO          768    .text               mf_p.l(fflti.o)
    0x000002be   0x000002be   0x00000028   Code   RO          770    .text               mf_p.l(f2d.o)
    0x000002e6   0x000002e6   0x00000038   Code   RO          772    .text               mf_p.l(d2f.o)
    0x0000031e   0x0000031e   0x00000060   Code   RO          794    .text               mc_p.l(uldiv.o)
    0x0000037e   0x0000037e   0x00000000   Code   RO          796    .text               mc_p.l(iusefp.o)
    0x0000037e   0x0000037e   0x00000082   Code   RO          797    .text               mf_p.l(fepilogue.o)
    0x00000400   0x00000400   0x000000be   Code   RO          799    .text               mf_p.l(depilogue.o)
    0x000004be   0x000004be   0x00000002   PAD
    0x000004c0   0x000004c0   0x00000164   Code   RO          803    .text               mf_p.l(dadd.o)
    0x00000624   0x00000624   0x000000f0   Code   RO          805    .text               mf_p.l(ddiv.o)
    0x00000714   0x00000714   0x00000040   Code   RO          807    .text               mf_p.l(dfixul.o)
    0x00000754   0x00000754   0x00000028   Code   RO          809    .text               mf_p.l(cdrcmple.o)
    0x0000077c   0x0000077c   0x00000030   Code   RO          811    .text               mc_p.l(init.o)
    0x000007ac   0x000007ac   0x0000003e   Code   RO          817    .text               mc_p.l(uidiv_div0.o)
    0x000007ea   0x000007ea   0x00000020   Code   RO          823    .text               mc_p.l(llshl.o)
    0x0000080a   0x0000080a   0x00000022   Code   RO          825    .text               mc_p.l(llushr.o)
    0x0000082c   0x0000082c   0x00000026   Code   RO          827    .text               mc_p.l(llsshr.o)
    0x00000852   0x00000852   0x00000002   PAD
    0x00000854   0x00000854   0x00000024   Code   RO          337    .text.CLK_EnableModuleClock  clk.o
    0x00000878   0x00000878   0x0000000c   Code   RO          333    .text.CLK_EnableXtalRC  clk.o
    0x00000884   0x00000884   0x0000000c   Code   RO          313    .text.CLK_GetHCLKFreq  clk.o
    0x00000890   0x00000890   0x00000068   Code   RO          309    .text.CLK_GetPCLK0Freq  clk.o
    0x000008f8   0x000008f8   0x0000006c   Code   RO          311    .text.CLK_GetPCLK1Freq  clk.o
    0x00000964   0x00000964   0x00000058   Code   RO          317    .text.CLK_GetPLLClockFreq  clk.o
    0x000009bc   0x000009bc   0x0000005c   Code   RO          325    .text.CLK_SetHCLK   clk.o
    0x00000a18   0x00000a18   0x0000005c   Code   RO          329    .text.CLK_SetModuleClock  clk.o
    0x00000a74   0x00000a74   0x00000034   Code   RO          323    .text.CLK_WaitClockReady  clk.o
    0x00000aa8   0x00000aa8   0x00000090   Code   RO           33    .text.GPA_IRQHandler  main.o
    0x00000b38   0x00000b38   0x0000001c   Code   RO          158    .text.GPIO_EnableInt  gpio.o
    0x00000b54   0x00000b54   0x00000034   Code   RO          156    .text.GPIO_SetMode  gpio.o
    0x00000b88   0x00000b88   0x00000014   Code   RO          387    .text.GetChar       retarget.o
    0x00000b9c   0x00000b9c   0x00000854   Code   RO           62    .text.NADC24B_Cali_and_Initial  nadc_driver.o
    0x000013f0   0x000013f0   0x00000040   Code   RO          381    .text.ProcessHardFault  retarget.o
    0x00001430   0x00001430   0x0000024c   Code   RO           56    .text.Reset_NADC24B  nadc_driver.o
    0x0000167c   0x0000167c   0x00000004   Code   RO          379    .text.SH_Return     retarget.o
    0x00001680   0x00001680   0x00000178   Code   RO          174    .text.SPI_Open      spi.o
    0x000017f8   0x000017f8   0x0000009c   Code   RO           70    .text.SPI_SetChannel_and_ReadADCData  nadc_driver.o
    0x00001894   0x00001894   0x000000cc   Code   RO           50    .text.SPI_WriteReg_Bank1_Until_Success  nadc_driver.o
    0x00001960   0x00001960   0x000000b8   Code   RO           29    .text.SYS_Init      main.o
    0x00001a18   0x00001a18   0x00000020   Code   RO          385    .text.SendChar      retarget.o
    0x00001a38   0x00001a38   0x00000020   Code   RO          383    .text.SendChar_ToUART  retarget.o
    0x00001a58   0x00001a58   0x00000054   Code   RO            2    .text.SystemCoreClockUpdate  system_m251.o
    0x00001aac   0x00001aac   0x00000024   Code   RO            4    .text.SystemInit    system_m251.o
    0x00001ad0   0x00001ad0   0x000000fc   Code   RO          270    .text.UART_Open     uart.o
    0x00001bcc   0x00001bcc   0x0000000c   Code   RO          395    .text.fputc         retarget.o
    0x00001bd8   0x00001bd8   0x000000b0   Code   RO           35    .text.main          main.o
    0x00001c88   0x00001c88   0x00000020   Code   RO          738    i.__0printf         mc_p.l(printfa.o)
    0x00001ca8   0x00001ca8   0x0000002e   Code   RO          801    i.__ARM_clz         mf_p.l(depilogue.o)
    0x00001cd6   0x00001cd6   0x0000000e   Code   RO          831    i.__scatterload_copy  mc_p.l(handlers.o)
    0x00001ce4   0x00001ce4   0x00000002   Code   RO          832    i.__scatterload_null  mc_p.l(handlers.o)
    0x00001ce6   0x00001ce6   0x0000000e   Code   RO          833    i.__scatterload_zeroinit  mc_p.l(handlers.o)
    0x00001cf4   0x00001cf4   0x00000174   Code   RO          745    i._fp_digits        mc_p.l(printfa.o)
    0x00001e68   0x00001e68   0x000006ec   Code   RO          746    i._printf_core      mc_p.l(printfa.o)
    0x00002554   0x00002554   0x00000020   Code   RO          747    i._printf_post_padding  mc_p.l(printfa.o)
    0x00002574   0x00002574   0x0000002c   Code   RO          748    i._printf_pre_padding  mc_p.l(printfa.o)
    0x000025a0   0x000025a0   0x00000020   Code   RO          501    i.puts              mc_p.l(puts.o)
    0x000025c0   0x000025c0   0x0000000c   Data   RO          369    .rodata..L__const.CLK_DisableModuleClock.au32ClkTbl  clk.o
    0x000025cc   0x000025cc   0x00000018   Data   RO          288    .rodata..L__const.UART_SelectIrDAMode.au32ClkTbl  uart.o
    0x000025e4   0x000025e4   0x00000010   Data   RO          370    .rodata.cst16       clk.o
    0x000025f4   0x000025f4   0x00000004   Data   RO          368    .rodata.cst4        clk.o
    0x000025f8   0x000025f8   0x00000020   Data   RO           11    .rodata.gau32ClkSrcTbl  system_m251.o
    0x00002618   0x00002618   0x00000020   Data   RO          830    Region$$Table       anon$$obj.o


    Execution Region ER_RW (Exec base: 0x20000000, Load base: 0x00002638, Size: 0x00000010, Max: 0xffffffff, ABSOLUTE)

    Exec Addr    Load Addr    Size         Type   Attr      Idx    E Section Name        Object

    0x20000000   0x00002638   0x00000004   Data   RW            9    .data.CyclesPerUs   system_m251.o
    0x20000004   0x0000263c   0x00000004   Data   RW           10    .data.PllClock      system_m251.o
    0x20000008   0x00002640   0x00000004   Data   RW            8    .data.SystemCoreClock  system_m251.o
    0x2000000c   0x00002644   0x00000004   Data   RW          401    .data.g_ICE_Conneced  retarget.o


    Execution Region ER_ZI (Exec base: 0x20000010, Load base: 0x00002648, Size: 0x00000860, Max: 0xffffffff, ABSOLUTE)

    Exec Addr    Load Addr    Size         Type   Attr      Idx    E Section Name        Object

    0x20000010        -       0x00000054   Zero   RW          402    .bss.__stdout       retarget.o
    0x20000064        -       0x00000004   Zero   RW          367    .bss.g_CLK_i32ErrCode  clk.o
    0x20000068        -       0x00000004   Zero   RW           37    .bss.s32AdcData     main.o
    0x2000006c   0x00002648   0x00000004   PAD
    0x20000070        -       0x00000800   Zero   RW           19    STACK               startup_m251.o


==============================================================================

Image component sizes


      Code (inc. data)   RO Data    RW Data    ZI Data      Debug   Object Name

       596         68         32          0          4      14428   clk.o
        80          0          0          0          0       2229   gpio.o
       504        148          0          0          4       6590   main.o
      3080         60          0          0          0      13228   nadc_driver.o
       164         28          0          4         84       3614   retarget.o
       376         28          0          0          0      12697   spi.o
       132         36        320          0       2048        836   startup_m251.o
       120         36         32         12          0       4149   system_m251.o
       252         24         24          0          0       7530   uart.o

    ----------------------------------------------------------------------
      5304        428        440         16       2144      65301   Object Totals
         0          0         32          0          0          0   (incl. Generated)
         0          0          0          0          4          0   (incl. Padding)

    ----------------------------------------------------------------------

      Code (inc. data)   RO Data    RW Data    ZI Data      Debug   Library Member Name

         0          0          0          0          0          0   entry.o
         0          0          0          0          0          0   entry10a.o
         0          0          0          0          0          0   entry11a.o
         8          4          0          0          0          0   entry2.o
         4          0          0          0          0          0   entry5.o
         0          0          0          0          0          0   entry7b.o
         0          0          0          0          0          0   entry8b.o
         8          4          0          0          0          0   entry9a.o
        30          0          0          0          0          0   handlers.o
        48         10          0          0          0         68   init.o
         0          0          0          0          0          0   iusefp.o
        32          0          0          0          0         68   llshl.o
        38          0          0          0          0         68   llsshr.o
        34          0          0          0          0         68   llushr.o
      2252         98          0          0          0        412   printfa.o
        32          4          0          0          0         68   puts.o
        62          0          0          0          0         72   uidiv_div0.o
        96          0          0          0          0         84   uldiv.o
        40          2          0          0          0         68   cdrcmple.o
        56          0          0          0          0         68   d2f.o
       356          4          0          0          0        140   dadd.o
       240          6          0          0          0         84   ddiv.o
       236          0          0          0          0        216   depilogue.o
        64         10          0          0          0         68   dfixul.o
       208          6          0          0          0         88   dmul.o
        40          0          0          0          0         60   f2d.o
       130          0          0          0          0        144   fepilogue.o
        22          0          0          0          0         68   fflti.o

    ----------------------------------------------------------------------
      4040        148          0          0          0       1912   Library Totals
         4          0          0          0          0          0   (incl. Padding)

    ----------------------------------------------------------------------

      Code (inc. data)   RO Data    RW Data    ZI Data      Debug   Library Name

      2644        120          0          0          0        908   mc_p.l
      1392         28          0          0          0       1004   mf_p.l

    ----------------------------------------------------------------------
      4040        148          0          0          0       1912   Library Totals

    ----------------------------------------------------------------------

==============================================================================


      Code (inc. data)   RO Data    RW Data    ZI Data      Debug   

      9344        576        440         16       2144      66293   Grand Totals
      9344        576        440         16       2144      66293   ELF Image Totals
      9344        576        440         16          0          0   ROM Totals

==============================================================================

    Total RO  Size (Code + RO Data)                 9784 (   9.55kB)
    Total RW  Size (RW Data + ZI Data)              2160 (   2.11kB)
    Total ROM Size (Code + RO Data + RW Data)       9800 (   9.57kB)

==============================================================================

